Component: ARM Compiler 5.06 update 1 (build 61) Tool: armlink [4d35a8]

==============================================================================

Section Cross References

    startup_stm32f411xe.o(RESET) refers to startup_stm32f411xe.o(STACK) for __initial_sp
    startup_stm32f411xe.o(RESET) refers to startup_stm32f411xe.o(.text) for Reset_Handler
    startup_stm32f411xe.o(RESET) refers to stm32f4xx_it.o(i.NMI_Handler) for NMI_Handler
    startup_stm32f411xe.o(RESET) refers to stm32f4xx_it.o(i.HardFault_Handler) for HardFault_Handler
    startup_stm32f411xe.o(RESET) refers to stm32f4xx_it.o(i.MemManage_Handler) for MemManage_Handler
    startup_stm32f411xe.o(RESET) refers to stm32f4xx_it.o(i.BusFault_Handler) for BusFault_Handler
    startup_stm32f411xe.o(RESET) refers to stm32f4xx_it.o(i.UsageFault_Handler) for UsageFault_Handler
    startup_stm32f411xe.o(RESET) refers to stm32f4xx_it.o(i.SVC_Handler) for SVC_Handler
    startup_stm32f411xe.o(RESET) refers to stm32f4xx_it.o(i.DebugMon_Handler) for DebugMon_Handler
    startup_stm32f411xe.o(RESET) refers to stm32f4xx_it.o(i.PendSV_Handler) for PendSV_Handler
    startup_stm32f411xe.o(RESET) refers to stm32f4xx_it.o(i.SysTick_Handler) for SysTick_Handler
    startup_stm32f411xe.o(RESET) refers to stm32f4xx_it.o(i.TIM4_IRQHandler) for TIM4_IRQHandler
    startup_stm32f411xe.o(.text) refers to system_stm32f4xx.o(i.SystemInit) for SystemInit
    startup_stm32f411xe.o(.text) refers to entry.o(.ARM.Collect$$$$00000000) for __main
    main.o(i.Calculation_SetPoint) refers to main.o(.data) for .data
    main.o(i.HAL_TIM_PeriodElapsedCallback) refers to imu.o(i.LMS303DLHC_getdata) for LMS303DLHC_getdata
    main.o(i.HAL_TIM_PeriodElapsedCallback) refers to imu.o(i.L3GD20_getdata) for L3GD20_getdata
    main.o(i.HAL_TIM_PeriodElapsedCallback) refers to dmul.o(.text) for __aeabi_dmul
    main.o(i.HAL_TIM_PeriodElapsedCallback) refers to dadd.o(.text) for __aeabi_dadd
    main.o(i.HAL_TIM_PeriodElapsedCallback) refers to f2d.o(.text) for __aeabi_f2d
    main.o(i.HAL_TIM_PeriodElapsedCallback) refers to ddiv.o(.text) for __aeabi_ddiv
    main.o(i.HAL_TIM_PeriodElapsedCallback) refers to d2f.o(.text) for __aeabi_d2f
    main.o(i.HAL_TIM_PeriodElapsedCallback) refers to imu.o(i.yaw_cal) for yaw_cal
    main.o(i.HAL_TIM_PeriodElapsedCallback) refers to cdrcmple.o(.text) for __aeabi_cdrcmple
    main.o(i.HAL_TIM_PeriodElapsedCallback) refers to usart.o(.bss) for htim4
    main.o(i.HAL_TIM_PeriodElapsedCallback) refers to main.o(.bss) for .bss
    main.o(i.HAL_TIM_PeriodElapsedCallback) refers to main.o(.data) for .data
    main.o(i.HAL_TIM_PeriodElapsedCallback) refers to usart.o(.data) for gocdat_Roll
    main.o(i.HAL_TIM_PeriodElapsedCallback) refers to usart.o(.data) for error_Roll
    main.o(i.HAL_TIM_PeriodElapsedCallback) refers to usart.o(.data) for pid_roll_P
    main.o(i.HAL_TIM_PeriodElapsedCallback) refers to usart.o(.data) for pid_roll_I
    main.o(i.HAL_TIM_PeriodElapsedCallback) refers to usart.o(.data) for error_Roll_pre
    main.o(i.HAL_TIM_PeriodElapsedCallback) refers to usart.o(.data) for pid_roll_D
    main.o(i.HAL_TIM_PeriodElapsedCallback) refers to usart.o(.data) for gocdat_Pitch
    main.o(i.HAL_TIM_PeriodElapsedCallback) refers to usart.o(.data) for error_Pitch
    main.o(i.HAL_TIM_PeriodElapsedCallback) refers to usart.o(.data) for pid_pitch_P
    main.o(i.HAL_TIM_PeriodElapsedCallback) refers to usart.o(.data) for error_Pitch_pre
    main.o(i.HAL_TIM_PeriodElapsedCallback) refers to usart.o(.data) for pid_pitch_D
    main.o(i.HAL_TIM_PeriodElapsedCallback) refers to usart.o(.data) for gocdat_Yaw
    main.o(i.HAL_TIM_PeriodElapsedCallback) refers to usart.o(.data) for error_Yaw
    main.o(i.HAL_TIM_PeriodElapsedCallback) refers to usart.o(.data) for pid_yaw_P
    main.o(i.HAL_TIM_PeriodElapsedCallback) refers to usart.o(.data) for error_Yaw_pre
    main.o(i.HAL_TIM_PeriodElapsedCallback) refers to usart.o(.data) for pid_yaw_D
    main.o(i.HAL_TIM_PeriodElapsedCallback) refers to cdcmple.o(.text) for __aeabi_cdcmple
    main.o(i.HAL_TIM_PeriodElapsedCallback) refers to dfixui.o(.text) for __aeabi_d2uiz
    main.o(i.HAL_TIM_PeriodElapsedCallback) refers to dfixi.o(.text) for __aeabi_d2iz
    main.o(i.HAL_TIM_PeriodElapsedCallback) refers to printf6.o(i.__0sprintf$6) for __2sprintf
    main.o(i.HAL_TIM_PeriodElapsedCallback) refers to stm32f4xx_hal_uart.o(i.HAL_UART_Transmit) for HAL_UART_Transmit
    main.o(i.HAL_TIM_PeriodElapsedCallback) refers to tim.o(.bss) for htim3
    main.o(i.SystemClock_Config) refers to memseta.o(.text) for __aeabi_memclr4
    main.o(i.SystemClock_Config) refers to stm32f4xx_hal_rcc.o(i.HAL_RCC_OscConfig) for HAL_RCC_OscConfig
    main.o(i.SystemClock_Config) refers to stm32f4xx_hal_rcc.o(i.HAL_RCC_ClockConfig) for HAL_RCC_ClockConfig
    main.o(i.main) refers to stm32f4xx_hal.o(i.HAL_Init) for HAL_Init
    main.o(i.main) refers to main.o(i.SystemClock_Config) for SystemClock_Config
[...]
    ../Drivers/STM32F4xx_HAL_Driver/Src/stm32f4xx_hal_flash.c 0x00000000   Number         0  stm32f4xx_hal_flash.o ABSOLUTE
    ../Drivers/STM32F4xx_HAL_Driver/Src/stm32f4xx_hal_flash_ex.c 0x00000000   Number         0  stm32f4xx_hal_flash_ex.o ABSOLUTE
    ../Drivers/STM32F4xx_HAL_Driver/Src/stm32f4xx_hal_flash_ramfunc.c 0x00000000   Number         0  stm32f4xx_hal_flash_ramfunc.o ABSOLUTE
    ../Drivers/STM32F4xx_HAL_Driver/Src/stm32f4xx_hal_gpio.c 0x00000000   Number         0  stm32f4xx_hal_gpio.o ABSOLUTE
    ../Drivers/STM32F4xx_HAL_Driver/Src/stm32f4xx_hal_i2c.c 0x00000000   Number         0  stm32f4xx_hal_i2c.o ABSOLUTE
    ../Drivers/STM32F4xx_HAL_Driver/Src/stm32f4xx_hal_i2c_ex.c 0x00000000   Number         0  stm32f4xx_hal_i2c_ex.o ABSOLUTE
    ../Drivers/STM32F4xx_HAL_Driver/Src/stm32f4xx_hal_pwr.c 0x00000000   Number         0  stm32f4xx_hal_pwr.o ABSOLUTE
    ../Drivers/STM32F4xx_HAL_Driver/Src/stm32f4xx_hal_pwr_ex.c 0x00000000   Number         0  stm32f4xx_hal_pwr_ex.o ABSOLUTE
    ../Drivers/STM32F4xx_HAL_Driver/Src/stm32f4xx_hal_rcc.c 0x00000000   Number         0  stm32f4xx_hal_rcc.o ABSOLUTE
    ../Drivers/STM32F4xx_HAL_Driver/Src/stm32f4xx_hal_rcc_ex.c 0x00000000   Number         0  stm32f4xx_hal_rcc_ex.o ABSOLUTE
    ../Drivers/STM32F4xx_HAL_Driver/Src/stm32f4xx_hal_spi.c 0x00000000   Number         0  stm32f4xx_hal_spi.o ABSOLUTE
    ../Drivers/STM32F4xx_HAL_Driver/Src/stm32f4xx_hal_tim.c 0x00000000   Number         0  stm32f4xx_hal_tim.o ABSOLUTE
    ../Drivers/STM32F4xx_HAL_Driver/Src/stm32f4xx_hal_tim_ex.c 0x00000000   Number         0  stm32f4xx_hal_tim_ex.o ABSOLUTE
    ../Drivers/STM32F4xx_HAL_Driver/Src/stm32f4xx_hal_uart.c 0x00000000   Number         0  stm32f4xx_hal_uart.o ABSOLUTE
    ../clib/microlib/division.c              0x00000000   Number         0  uldiv.o ABSOLUTE
    ../clib/microlib/division.c              0x00000000   Number         0  uidiv.o ABSOLUTE
    ../clib/microlib/errno.c                 0x00000000   Number         0  errno.o ABSOLUTE
    ../clib/microlib/init/entry.s            0x00000000   Number         0  entry2.o ABSOLUTE
    ../clib/microlib/init/entry.s            0x00000000   Number         0  entry8b.o ABSOLUTE
    ../clib/microlib/init/entry.s            0x00000000   Number         0  entry11b.o ABSOLUTE
    ../clib/microlib/init/entry.s            0x00000000   Number         0  entry11a.o ABSOLUTE
    ../clib/microlib/init/entry.s            0x00000000   Number         0  entry10b.o ABSOLUTE
    ../clib/microlib/init/entry.s            0x00000000   Number         0  entry10a.o ABSOLUTE
    ../clib/microlib/init/entry.s            0x00000000   Number         0  entry9b.o ABSOLUTE
    ../clib/microlib/init/entry.s            0x00000000   Number         0  entry9a.o ABSOLUTE
    ../clib/microlib/init/entry.s            0x00000000   Number         0  entry8a.o ABSOLUTE
    ../clib/microlib/init/entry.s            0x00000000   Number         0  entry7b.o ABSOLUTE
    ../clib/microlib/init/entry.s            0x00000000   Number         0  entry7a.o ABSOLUTE
    ../clib/microlib/init/entry.s            0x00000000   Number         0  entry5.o ABSOLUTE
    ../clib/microlib/init/entry.s            0x00000000   Number         0  entry.o ABSOLUTE
    ../clib/microlib/longlong.c              0x00000000   Number         0  llshl.o ABSOLUTE
    ../clib/microlib/longlong.c              0x00000000   Number         0  llushr.o ABSOLUTE
    ../clib/microlib/longlong.c              0x00000000   Number         0  llsshr.o ABSOLUTE
    ../clib/microlib/printf/printf.c         0x00000000   Number         0  printf8.o ABSOLUTE
    ../clib/microlib/printf/printf.c         0x00000000   Number         0  printf7.o ABSOLUTE
    ../clib/microlib/printf/printf.c         0x00000000   Number         0  printfa.o ABSOLUTE
    ../clib/microlib/printf/printf.c         0x00000000   Number         0  printf6.o ABSOLUTE
    ../clib/microlib/printf/printf.c         0x00000000   Number         0  printf5.o ABSOLUTE
    ../clib/microlib/printf/printf.c         0x00000000   Number         0  printf4.o ABSOLUTE
    ../clib/microlib/printf/printf.c         0x00000000   Number         0  printf3.o ABSOLUTE
    ../clib/microlib/printf/printf.c         0x00000000   Number         0  printf2.o ABSOLUTE
    ../clib/microlib/printf/printf.c         0x00000000   Number         0  printf1.o ABSOLUTE
    ../clib/microlib/printf/printf.c         0x00000000   Number         0  printfb.o ABSOLUTE
    ../clib/microlib/printf/printf.c         0x00000000   Number         0  printf0.o ABSOLUTE
    ../clib/microlib/printf/stubs.s          0x00000000   Number         0  stubs.o ABSOLUTE
    ../clib/microlib/stdio/fputc.c           0x00000000   Number         0  fputc.o ABSOLUTE
    ../clib/microlib/stdio/semi.s            0x00000000   Number         0  semi.o ABSOLUTE
    ../clib/microlib/stdio/streams.c         0x00000000   Number         0  stdout.o ABSOLUTE
    ../clib/microlib/string/memset.c         0x00000000   Number         0  memseta.o ABSOLUTE
    ../clib/microlib/stubs.s                 0x00000000   Number         0  iusesemip.o ABSOLUTE
    ../clib/microlib/stubs.s                 0x00000000   Number         0  iusefp.o ABSOLUTE
    ../fplib/microlib/d2f.c                  0x00000000   Number         0  d2f.o ABSOLUTE
    ../fplib/microlib/f2d.c                  0x00000000   Number         0  f2d.o ABSOLUTE
    ../fplib/microlib/fpadd.c                0x00000000   Number         0  dadd.o ABSOLUTE
    ../fplib/microlib/fpdiv.c                0x00000000   Number         0  ddiv.o ABSOLUTE
    ../fplib/microlib/fpepilogue.c           0x00000000   Number         0  depilogue.o ABSOLUTE
    ../fplib/microlib/fpepilogue.c           0x00000000   Number         0  fepilogue.o ABSOLUTE
    ../fplib/microlib/fpfix.c                0x00000000   Number         0  dfixul.o ABSOLUTE
    ../fplib/microlib/fpfix.c                0x00000000   Number         0  dfixui.o ABSOLUTE
    ../fplib/microlib/fpfix.c                0x00000000   Number         0  dfixi.o ABSOLUTE
    ../fplib/microlib/fpflt.c                0x00000000   Number         0  dflti.o ABSOLUTE
    ../fplib/microlib/fpflt.c                0x00000000   Number         0  dfltui.o ABSOLUTE
    ../fplib/microlib/fpmul.c                0x00000000   Number         0  dmul.o ABSOLUTE
    ../fplib/microlib/fpneg.c                0x00000000   Number         0  dneg.o ABSOLUTE
    ../fplib/microlib/fpsqrt.c               0x00000000   Number         0  dsqrt.o ABSOLUTE
    ../mathlib/atan.c                        0x00000000   Number         0  atan.o ABSOLUTE
    ../mathlib/atan.c                        0x00000000   Number         0  atan_x.o ABSOLUTE
    ../mathlib/cos.c                         0x00000000   Number         0  cos.o ABSOLUTE
    ../mathlib/cos.c                         0x00000000   Number         0  cos_x.o ABSOLUTE
    ../mathlib/cos_i.c                       0x00000000   Number         0  cos_i.o ABSOLUTE
    ../mathlib/dunder.c                      0x00000000   Number         0  dunder.o ABSOLUTE
    ../mathlib/fabs.c                        0x00000000   Number         0  fabs.o ABSOLUTE
    ../mathlib/fpclassify.c                  0x00000000   Number         0  fpclassify.o ABSOLUTE
    ../mathlib/poly.c                        0x00000000   Number         0  poly.o ABSOLUTE
    ../mathlib/rred.c                        0x00000000   Number         0  rred.o ABSOLUTE
    ../mathlib/sin.c                         0x00000000   Number         0  sin_x.o ABSOLUTE
    ../mathlib/sin.c                         0x00000000   Number         0  sin.o ABSOLUTE
    ../mathlib/sin_i.c                       0x00000000   Number         0  sin_i_x.o ABSOLUTE
    ../mathlib/sin_i.c                       0x00000000   Number         0  sin_i.o ABSOLUTE
    ../mathlib/sqrt.c                        0x00000000   Number         0  sqrt.o ABSOLUTE
    ../mathlib/sqrt.c                        0x00000000   Number         0  sqrt_x.o ABSOLUTE
    ..\Core\Src\IMU.c                        0x00000000   Number         0  imu.o ABSOLUTE
    ..\Core\Src\gpio.c                       0x00000000   Number         0  gpio.o ABSOLUTE
    ..\Core\Src\i2c.c                        0x00000000   Number         0  i2c.o ABSOLUTE
    ..\Core\Src\main.c                       0x00000000   Number         0  main.o ABSOLUTE
    ..\Core\Src\spi.c                        0x00000000   Number         0  spi.o ABSOLUTE
    ..\Core\Src\stm32f4xx_hal_msp.c          0x00000000   Number         0  stm32f4xx_hal_msp.o ABSOLUTE
    ..\Core\Src\stm32f4xx_it.c               0x00000000   Number         0  stm32f4xx_it.o ABSOLUTE
    ..\Core\Src\system_stm32f4xx.c           0x00000000   Number         0  system_stm32f4xx.o ABSOLUTE
    ..\Core\Src\tim.c                        0x00000000   Number         0  tim.o ABSOLUTE
    ..\Core\Src\usart.c                      0x00000000   Number         0  usart.o ABSOLUTE
    ..\Drivers\STM32F4xx_HAL_Driver\Src\stm32f4xx_hal.c 0x00000000   Number         0  stm32f4xx_hal.o ABSOLUTE
    ..\Drivers\STM32F4xx_HAL_Driver\Src\stm32f4xx_hal_cortex.c 0x00000000   Number         0  stm32f4xx_hal_cortex.o ABSOLUTE
    ..\Drivers\STM32F4xx_HAL_Driver\Src\stm32f4xx_hal_dma.c 0x00000000   Number         0  stm32f4xx_hal_dma.o ABSOLUTE
    ..\Drivers\STM32F4xx_HAL_Driver\Src\stm32f4xx_hal_dma_ex.c 0x00000000   Number         0  stm32f4xx_hal_dma_ex.o ABSOLUTE
    ..\Drivers\STM32F4xx_HAL_Driver\Src\stm32f4xx_hal_exti.c 0x00000000   Number         0  stm32f4xx_hal_exti.o ABSOLUTE
    ..\Drivers\STM32F4xx_HAL_Driver\Src\stm32f4xx_hal_flash.c 0x00000000   Number         0  stm32f4xx_hal_flash.o ABSOLUTE
    ..\Drivers\STM32F4xx_HAL_Driver\Src\stm32f4xx_hal_flash_ex.c 0x00000000   Number         0  stm32f4xx_hal_flash_ex.o ABSOLUTE
    ..\Drivers\STM32F4xx_HAL_Driver\Src\stm32f4xx_hal_flash_ramfunc.c 0x00000000   Number         0  stm32f4xx_hal_flash_ramfunc.o ABSOLUTE
    ..\Drivers\STM32F4xx_HAL_Driver\Src\stm32f4xx_hal_gpio.c 0x00000000   Number         0  stm32f4xx_hal_gpio.o ABSOLUTE
    ..\Drivers\STM32F4xx_HAL_Driver\Src\stm32f4xx_hal_i2c.c 0x00000000   Number         0  stm32f4xx_hal_i2c.o ABSOLUTE
    ..\Drivers\STM32F4xx_HAL_Driver\Src\stm32f4xx_hal_i2c_ex.c 0x00000000   Number         0  stm32f4xx_hal_i2c_ex.o ABSOLUTE
    ..\Drivers\STM32F4xx_HAL_Driver\Src\stm32f4xx_hal_pwr.c 0x00000000   Number         0  stm32f4xx_hal_pwr.o ABSOLUTE
    ..\Drivers\STM32F4xx_HAL_Driver\Src\stm32f4xx_hal_pwr_ex.c 0x00000000   Number         0  stm32f4xx_hal_pwr_ex.o ABSOLUTE
    ..\Drivers\STM32F4xx_HAL_Driver\Src\stm32f4xx_hal_rcc.c 0x00000000   Number         0  stm32f4xx_hal_rcc.o ABSOLUTE
    ..\Drivers\STM32F4xx_HAL_Driver\Src\stm32f4xx_hal_rcc_ex.c 0x00000000   Number         0  stm32f4xx_hal_rcc_ex.o ABSOLUTE
    ..\Drivers\STM32F4xx_HAL_Driver\Src\stm32f4xx_hal_spi.c 0x00000000   Number         0  stm32f4xx_hal_spi.o ABSOLUTE
    ..\Drivers\STM32F4xx_HAL_Driver\Src\stm32f4xx_hal_tim.c 0x00000000   Number         0  stm32f4xx_hal_tim.o ABSOLUTE
    ..\Drivers\STM32F4xx_HAL_Driver\Src\stm32f4xx_hal_tim_ex.c 0x00000000   Number         0  stm32f4xx_hal_tim_ex.o ABSOLUTE
    ..\Drivers\STM32F4xx_HAL_Driver\Src\stm32f4xx_hal_uart.c 0x00000000   Number         0  stm32f4xx_hal_uart.o ABSOLUTE
    ..\\Core\\Src\\IMU.c                     0x00000000   Number         0  imu.o ABSOLUTE
    cdcmple.s                                0x00000000   Number         0  cdcmple.o ABSOLUTE
    cdrcmple.s                               0x00000000   Number         0  cdrcmple.o ABSOLUTE
    dc.s                                     0x00000000   Number         0  dc.o ABSOLUTE
    handlers.s                               0x00000000   Number         0  handlers.o ABSOLUTE
    init.s                                   0x00000000   Number         0  init.o ABSOLUTE
    startup_stm32f411xe.s                    0x00000000   Number         0  startup_stm32f411xe.o ABSOLUTE
    RESET                                    0x08000000   Section      408  startup_stm32f411xe.o(RESET)
    .ARM.Collect$$$$00000000                 0x08000198   Section        0  entry.o(.ARM.Collect$$$$00000000)
    .ARM.Collect$$$$00000001                 0x08000198   Section        4  entry2.o(.ARM.Collect$$$$00000001)
    .ARM.Collect$$$$00000004                 0x0800019c   Section        4  entry5.o(.ARM.Collect$$$$00000004)
    .ARM.Collect$$$$00000008                 0x080001a0   Section        0  entry7b.o(.ARM.Collect$$$$00000008)
    .ARM.Collect$$$$0000000A                 0x080001a0   Section        0  entry8b.o(.ARM.Collect$$$$0000000A)
    .ARM.Collect$$$$0000000B                 0x080001a0   Section        8  entry9a.o(.ARM.Collect$$$$0000000B)
    .ARM.Collect$$$$0000000D                 0x080001a8   Section        0  entry10a.o(.ARM.Collect$$$$0000000D)
    .ARM.Collect$$$$0000000F                 0x080001a8   Section        0  entry11a.o(.ARM.Collect$$$$0000000F)
    .ARM.Collect$$$$00002712                 0x080001a8   Section        4  entry2.o(.ARM.Collect$$$$00002712)
    __lit__00000000                          0x080001a8   Data           4  entry2.o(.ARM.Collect$$$$00002712)
    .text                                    0x080001ac   Section       36  startup_stm32f411xe.o(.text)
    $v0                                      0x080001ac   Number         0  startup_stm32f411xe.o(.text)
    .text                                    0x080001d0   Section        0  uldiv.o(.text)
    .text                                    0x08000232   Section        0  memseta.o(.text)
    .text                                    0x08000256   Section        0  dadd.o(.text)
    .text                                    0x080003a4   Section        0  dmul.o(.text)
    .text                                    0x08000488   Section        0  ddiv.o(.text)
    .text                                    0x08000566   Section        0  dflti.o(.text)
    .text                                    0x08000588   Section        0  dfixi.o(.text)
    .text                                    0x080005c6   Section        0  dfixui.o(.text)
    .text                                    0x080005f8   Section        0  f2d.o(.text)
    .text                                    0x08000620   Section       48  cdcmple.o(.text)
    .text                                    0x08000650   Section       48  cdrcmple.o(.text)
    .text                                    0x08000680   Section        0  d2f.o(.text)
    .text                                    0x080006b8   Section        0  uidiv.o(.text)
    .text                                    0x080006e4   Section        0  llshl.o(.text)
    .text                                    0x08000702   Section        0  llushr.o(.text)
    .text                                    0x08000722   Section        0  llsshr.o(.text)
    .text                                    0x08000746   Section        0  iusefp.o(.text)
    .text                                    0x08000746   Section        0  fepilogue.o(.text)
    .text                                    0x080007b4   Section        0  depilogue.o(.text)
    .text                                    0x0800086e   Section        0  dsqrt.o(.text)
    .text                                    0x08000910   Section       36  init.o(.text)
    .text                                    0x08000934   Section        0  dfltui.o(.text)
    i.BusFault_Handler                       0x0800094e   Section        0  stm32f4xx_it.o(i.BusFault_Handler)
    i.DebugMon_Handler                       0x08000950   Section        0  stm32f4xx_it.o(i.DebugMon_Handler)
    i.Error_Handler                          0x08000952   Section        0  main.o(i.Error_Handler)
    i.HAL_Delay                              0x08000954   Section        0  stm32f4xx_hal.o(i.HAL_Delay)
    i.HAL_GPIO_Init                          0x08000978   Section        0  stm32f4xx_hal_gpio.o(i.HAL_GPIO_Init)
    i.HAL_GPIO_WritePin                      0x08000b0c   Section        0  stm32f4xx_hal_gpio.o(i.HAL_GPIO_WritePin)
    i.HAL_GetTick                            0x08000b18   Section        0  stm32f4xx_hal.o(i.HAL_GetTick)
    i.HAL_I2C_Init                           0x08000b24   Section        0  stm32f4xx_hal_i2c.o(i.HAL_I2C_Init)
    i.HAL_I2C_IsDeviceReady                  0x08000cac   Section        0  stm32f4xx_hal_i2c.o(i.HAL_I2C_IsDeviceReady)
    i.HAL_I2C_Master_Receive                 0x08000e18   Section        0  stm32f4xx_hal_i2c.o(i.HAL_I2C_Master_Receive)
    i.HAL_I2C_Master_Transmit                0x08000ff8   Section        0  stm32f4xx_hal_i2c.o(i.HAL_I2C_Master_Transmit)
    i.HAL_I2C_MspInit                        0x08001124   Section        0  i2c.o(i.HAL_I2C_MspInit)
    i.HAL_IncTick                            0x08001190   Section        0  stm32f4xx_hal.o(i.HAL_IncTick)
    i.HAL_Init                               0x080011a0   Section        0  stm32f4xx_hal.o(i.HAL_Init)
    i.HAL_InitTick                           0x080011d4   Section        0  stm32f4xx_hal.o(i.HAL_InitTick)
    i.HAL_MspInit                            0x08001214   Section        0  stm32f4xx_hal_msp.o(i.HAL_MspInit)
    i.HAL_NVIC_EnableIRQ                     0x08001244   Section        0  stm32f4xx_hal_cortex.o(i.HAL_NVIC_EnableIRQ)
    i.HAL_NVIC_SetPriority                   0x08001260   Section        0  stm32f4xx_hal_cortex.o(i.HAL_NVIC_SetPriority)
    i.HAL_NVIC_SetPriorityGrouping           0x080012a0   Section        0  stm32f4xx_hal_cortex.o(i.HAL_NVIC_SetPriorityGrouping)
    i.HAL_RCC_ClockConfig                    0x080012c4   Section        0  stm32f4xx_hal_rcc.o(i.HAL_RCC_ClockConfig)
    i.HAL_RCC_GetPCLK1Freq                   0x080013f8   Section        0  stm32f4xx_hal_rcc.o(i.HAL_RCC_GetPCLK1Freq)
    i.HAL_RCC_GetPCLK2Freq                   0x08001418   Section        0  stm32f4xx_hal_rcc.o(i.HAL_RCC_GetPCLK2Freq)
    i.HAL_RCC_GetSysClockFreq                0x08001438   Section        0  stm32f4xx_hal_rcc.o(i.HAL_RCC_GetSysClockFreq)
    i.HAL_RCC_OscConfig                      0x08001498   Section        0  stm32f4xx_hal_rcc.o(i.HAL_RCC_OscConfig)
    i.HAL_SPI_Init                           0x080017f4   Section        0  stm32f4xx_hal_spi.o(i.HAL_SPI_Init)
    i.HAL_SPI_MspInit                        0x08001874   Section        0  spi.o(i.HAL_SPI_MspInit)
    i.HAL_SPI_Receive                        0x080018dc   Section        0  stm32f4xx_hal_spi.o(i.HAL_SPI_Receive)
    i.HAL_SPI_Transmit                       0x08001a2c   Section        0  stm32f4xx_hal_spi.o(i.HAL_SPI_Transmit)
    i.HAL_SPI_TransmitReceive                0x08001b88   Section        0  stm32f4xx_hal_spi.o(i.HAL_SPI_TransmitReceive)
    i.HAL_SYSTICK_Config                     0x08001d6a   Section        0  stm32f4xx_hal_cortex.o(i.HAL_SYSTICK_Config)
    i.HAL_TIMEx_BreakCallback                0x08001d92   Section        0  stm32f4xx_hal_tim_ex.o(i.HAL_TIMEx_BreakCallback)
    i.HAL_TIMEx_CommutCallback               0x08001d94   Section        0  stm32f4xx_hal_tim_ex.o(i.HAL_TIMEx_CommutCallback)
    i.HAL_TIMEx_MasterConfigSynchronization  0x08001d98   Section        0  stm32f4xx_hal_tim_ex.o(i.HAL_TIMEx_MasterConfigSynchronization)
    i.HAL_TIM_Base_Init                      0x08001e14   Section        0  stm32f4xx_hal_tim.o(i.HAL_TIM_Base_Init)
    i.HAL_TIM_Base_MspInit                   0x08001e4c   Section        0  tim.o(i.HAL_TIM_Base_MspInit)
    i.HAL_TIM_Base_Start_IT                  0x08001ea0   Section        0  stm32f4xx_hal_tim.o(i.HAL_TIM_Base_Start_IT)
    i.HAL_TIM_Base_Stop_IT                   0x08001ec2   Section        0  stm32f4xx_hal_tim.o(i.HAL_TIM_Base_Stop_IT)
    i.HAL_TIM_ConfigClockSource              0x08001eec   Section        0  stm32f4xx_hal_tim.o(i.HAL_TIM_ConfigClockSource)
    i.HAL_TIM_IC_CaptureCallback             0x08001fc2   Section        0  stm32f4xx_hal_tim.o(i.HAL_TIM_IC_CaptureCallback)
    i.HAL_TIM_IRQHandler                     0x08001fc4   Section        0  stm32f4xx_hal_tim.o(i.HAL_TIM_IRQHandler)
    i.HAL_TIM_MspPostInit                    0x0800212c   Section        0  tim.o(i.HAL_TIM_MspPostInit)
    i.HAL_TIM_OC_DelayElapsedCallback        0x080021a4   Section        0  stm32f4xx_hal_tim.o(i.HAL_TIM_OC_DelayElapsedCallback)
    i.HAL_TIM_PWM_ConfigChannel              0x080021a6   Section        0  stm32f4xx_hal_tim.o(i.HAL_TIM_PWM_ConfigChannel)
    i.HAL_TIM_PWM_Init                       0x08002276   Section        0  stm32f4xx_hal_tim.o(i.HAL_TIM_PWM_Init)
    i.HAL_TIM_PWM_MspInit                    0x080022ac   Section        0  stm32f4xx_hal_tim.o(i.HAL_TIM_PWM_MspInit)
    i.HAL_TIM_PWM_PulseFinishedCallback      0x080022ae   Section        0  stm32f4xx_hal_tim.o(i.HAL_TIM_PWM_PulseFinishedCallback)
    i.HAL_TIM_PWM_Start                      0x080022b0   Section        0  stm32f4xx_hal_tim.o(i.HAL_TIM_PWM_Start)
    i.HAL_TIM_PeriodElapsedCallback          0x080022e8   Section        0  main.o(i.HAL_TIM_PeriodElapsedCallback)
    i.HAL_TIM_TriggerCallback                0x08002a64   Section        0  stm32f4xx_hal_tim.o(i.HAL_TIM_TriggerCallback)
    i.HAL_UART_Init                          0x08002a66   Section        0  stm32f4xx_hal_uart.o(i.HAL_UART_Init)
    i.HAL_UART_MspInit                       0x08002ac8   Section        0  usart.o(i.HAL_UART_MspInit)
    i.HAL_UART_Receive                       0x08002b64   Section        0  stm32f4xx_hal_uart.o(i.HAL_UART_Receive)
    i.HAL_UART_Transmit                      0x08002c22   Section        0  stm32f4xx_hal_uart.o(i.HAL_UART_Transmit)
    i.HardFault_Handler                      0x08002cdc   Section        0  stm32f4xx_it.o(i.HardFault_Handler)
    i.I2C_IsAcknowledgeFailed                0x08002cde   Section        0  stm32f4xx_hal_i2c.o(i.I2C_IsAcknowledgeFailed)
    I2C_IsAcknowledgeFailed                  0x08002cdf   Thumb Code    46  stm32f4xx_hal_i2c.o(i.I2C_IsAcknowledgeFailed)
    i.I2C_MasterRequestRead                  0x08002d0c   Section        0  stm32f4xx_hal_i2c.o(i.I2C_MasterRequestRead)
    I2C_MasterRequestRead                    0x08002d0d   Thumb Code   230  stm32f4xx_hal_i2c.o(i.I2C_MasterRequestRead)
    i.I2C_MasterRequestWrite                 0x08002df8   Section        0  stm32f4xx_hal_i2c.o(i.I2C_MasterRequestWrite)
    I2C_MasterRequestWrite                   0x08002df9   Thumb Code   150  stm32f4xx_hal_i2c.o(i.I2C_MasterRequestWrite)
    i.I2C_WaitOnBTFFlagUntilTimeout          0x08002e94   Section        0  stm32f4xx_hal_i2c.o(i.I2C_WaitOnBTFFlagUntilTimeout)
    I2C_WaitOnBTFFlagUntilTimeout            0x08002e95   Thumb Code    76  stm32f4xx_hal_i2c.o(i.I2C_WaitOnBTFFlagUntilTimeout)
    i.I2C_WaitOnFlagUntilTimeout             0x08002ee0   Section        0  stm32f4xx_hal_i2c.o(i.I2C_WaitOnFlagUntilTimeout)
    I2C_WaitOnFlagUntilTimeout               0x08002ee1   Thumb Code   104  stm32f4xx_hal_i2c.o(i.I2C_WaitOnFlagUntilTimeout)
    i.I2C_WaitOnMasterAddressFlagUntilTimeout 0x08002f48   Section        0  stm32f4xx_hal_i2c.o(i.I2C_WaitOnMasterAddressFlagUntilTimeout)
    I2C_WaitOnMasterAddressFlagUntilTimeout  0x08002f49   Thumb Code   150  stm32f4xx_hal_i2c.o(i.I2C_WaitOnMasterAddressFlagUntilTimeout)
    i.I2C_WaitOnRXNEFlagUntilTimeout         0x08002fde   Section        0  stm32f4xx_hal_i2c.o(i.I2C_WaitOnRXNEFlagUntilTimeout)
    I2C_WaitOnRXNEFlagUntilTimeout           0x08002fdf   Thumb Code   102  stm32f4xx_hal_i2c.o(i.I2C_WaitOnRXNEFlagUntilTimeout)
    i.I2C_WaitOnTXEFlagUntilTimeout          0x08003044   Section        0  stm32f4xx_hal_i2c.o(i.I2C_WaitOnTXEFlagUntilTimeout)
    I2C_WaitOnTXEFlagUntilTimeout            0x08003045   Thumb Code    76  stm32f4xx_hal_i2c.o(i.I2C_WaitOnTXEFlagUntilTimeout)
    i.L3GD20_Init                            0x08003090   Section        0  imu.o(i.L3GD20_Init)
    i.L3GD20_getdata                         0x08003158   Section        0  imu.o(i.L3GD20_getdata)
    i.LMS303DLHC_Init                        0x08003260   Section        0  imu.o(i.LMS303DLHC_Init)
    i.LMS303DLHC_getdata                     0x08003324   Section        0  imu.o(i.LMS303DLHC_getdata)
    i.MX_GPIO_Init                           0x0800346c   Section        0  gpio.o(i.MX_GPIO_Init)
    i.MX_I2C1_Init                           0x080034f8   Section        0  i2c.o(i.MX_I2C1_Init)
    i.MX_SPI1_Init                           0x08003538   Section        0  spi.o(i.MX_SPI1_Init)
    i.MX_TIM3_Init                           0x08003580   Section        0  tim.o(i.MX_TIM3_Init)
    i.MX_TIM4_Init                           0x08003648   Section        0  tim.o(i.MX_TIM4_Init)
    i.MX_USART1_UART_Init                    0x080036b0   Section        0  usart.o(i.MX_USART1_UART_Init)
    i.MX_USART2_UART_Init                    0x080036e8   Section        0  usart.o(i.MX_USART2_UART_Init)
    i.MemManage_Handler                      0x08003720   Section        0  stm32f4xx_it.o(i.MemManage_Handler)
    i.NMI_Handler                            0x08003722   Section        0  stm32f4xx_it.o(i.NMI_Handler)
    i.PendSV_Handler                         0x08003724   Section        0  stm32f4xx_it.o(i.PendSV_Handler)
    i.SPI_EndRxTransaction                   0x08003726   Section        0  stm32f4xx_hal_spi.o(i.SPI_EndRxTransaction)
    SPI_EndRxTransaction                     0x08003727   Thumb Code    92  stm32f4xx_hal_spi.o(i.SPI_EndRxTransaction)
    i.SPI_EndRxTxTransaction                 0x08003784   Section        0  stm32f4xx_hal_spi.o(i.SPI_EndRxTxTransaction)
    SPI_EndRxTxTransaction                   0x08003785   Thumb Code    80  stm32f4xx_hal_spi.o(i.SPI_EndRxTxTransaction)
    i.SPI_WaitFlagStateUntilTimeout          0x080037dc   Section        0  stm32f4xx_hal_spi.o(i.SPI_WaitFlagStateUntilTimeout)
    SPI_WaitFlagStateUntilTimeout            0x080037dd   Thumb Code   148  stm32f4xx_hal_spi.o(i.SPI_WaitFlagStateUntilTimeout)
    i.SVC_Handler                            0x08003870   Section        0  stm32f4xx_it.o(i.SVC_Handler)
    i.SysTick_Handler                        0x08003872   Section        0  stm32f4xx_it.o(i.SysTick_Handler)
    i.SystemClock_Config                     0x08003878   Section        0  main.o(i.SystemClock_Config)
    i.SystemInit                             0x080038f8   Section        0  system_stm32f4xx.o(i.SystemInit)
    i.TIM4_IRQHandler                        0x08003914   Section        0  stm32f4xx_it.o(i.TIM4_IRQHandler)
    i.TIM_Base_SetConfig                     0x08003920   Section        0  stm32f4xx_hal_tim.o(i.TIM_Base_SetConfig)
    i.TIM_CCxChannelCmd                      0x080039b8   Section        0  stm32f4xx_hal_tim.o(i.TIM_CCxChannelCmd)
    i.TIM_ETR_SetConfig                      0x080039d2   Section        0  stm32f4xx_hal_tim.o(i.TIM_ETR_SetConfig)
    i.TIM_ITRx_SetConfig                     0x080039e6   Section        0  stm32f4xx_hal_tim.o(i.TIM_ITRx_SetConfig)
    TIM_ITRx_SetConfig                       0x080039e7   Thumb Code    16  stm32f4xx_hal_tim.o(i.TIM_ITRx_SetConfig)
    i.TIM_OC1_SetConfig                      0x080039f8   Section        0  stm32f4xx_hal_tim.o(i.TIM_OC1_SetConfig)
    TIM_OC1_SetConfig                        0x080039f9   Thumb Code    74  stm32f4xx_hal_tim.o(i.TIM_OC1_SetConfig)
    i.TIM_OC2_SetConfig                      0x08003a48   Section        0  stm32f4xx_hal_tim.o(i.TIM_OC2_SetConfig)
    i.TIM_OC3_SetConfig                      0x08003aa0   Section        0  stm32f4xx_hal_tim.o(i.TIM_OC3_SetConfig)
    TIM_OC3_SetConfig                        0x08003aa1   Thumb Code    82  stm32f4xx_hal_tim.o(i.TIM_OC3_SetConfig)
    i.TIM_OC4_SetConfig                      0x08003af8   Section        0  stm32f4xx_hal_tim.o(i.TIM_OC4_SetConfig)
    TIM_OC4_SetConfig                        0x08003af9   Thumb Code    64  stm32f4xx_hal_tim.o(i.TIM_OC4_SetConfig)
    i.TIM_TI1_ConfigInputStage               0x08003b3c   Section        0  stm32f4xx_hal_tim.o(i.TIM_TI1_ConfigInputStage)
    TIM_TI1_ConfigInputStage                 0x08003b3d   Thumb Code    34  stm32f4xx_hal_tim.o(i.TIM_TI1_ConfigInputStage)
    i.TIM_TI2_ConfigInputStage               0x08003b5e   Section        0  stm32f4xx_hal_tim.o(i.TIM_TI2_ConfigInputStage)
    TIM_TI2_ConfigInputStage                 0x08003b5f   Thumb Code    36  stm32f4xx_hal_tim.o(i.TIM_TI2_ConfigInputStage)
    i.UART_READ_DATA                         0x08003b84   Section        0  usart.o(i.UART_READ_DATA)
    i.UART_SetConfig                         0x08003cbc   Section        0  stm32f4xx_hal_uart.o(i.UART_SetConfig)
    UART_SetConfig                           0x08003cbd   Thumb Code   286  stm32f4xx_hal_uart.o(i.UART_SetConfig)
    i.UART_WaitOnFlagUntilTimeout            0x08003de4   Section        0  stm32f4xx_hal_uart.o(i.UART_WaitOnFlagUntilTimeout)
    UART_WaitOnFlagUntilTimeout              0x08003de5   Thumb Code   100  stm32f4xx_hal_uart.o(i.UART_WaitOnFlagUntilTimeout)
    i.UsageFault_Handler                     0x08003e48   Section        0  stm32f4xx_it.o(i.UsageFault_Handler)
    i.__0sprintf$6                           0x08003e4c   Section        0  printf6.o(i.__0sprintf$6)
    i.__ARM_fpclassify                       0x08003e74   Section        0  fpclassify.o(i.__ARM_fpclassify)
    i.__NVIC_SetPriority                     0x08003ea4   Section        0  stm32f4xx_hal_cortex.o(i.__NVIC_SetPriority)
    __NVIC_SetPriority                       0x08003ea5   Thumb Code    32  stm32f4xx_hal_cortex.o(i.__NVIC_SetPriority)
    i.__hardfp_atan                          0x08003ec8   Section        0  atan.o(i.__hardfp_atan)
    i.__hardfp_cos                           0x080041a0   Section        0  cos.o(i.__hardfp_cos)
    i.__hardfp_sin                           0x08004268   Section        0  sin.o(i.__hardfp_sin)
    i.__hardfp_sqrt                          0x08004330   Section        0  sqrt.o(i.__hardfp_sqrt)
    i.__ieee754_rem_pio2                     0x080043b0   Section        0  rred.o(i.__ieee754_rem_pio2)
    i.__kernel_cos                           0x080047e8   Section        0  cos_i.o(i.__kernel_cos)
    i.__kernel_poly                          0x08004958   Section        0  poly.o(i.__kernel_poly)
    i.__kernel_sin                           0x08004a50   Section        0  sin_i.o(i.__kernel_sin)
    i.__mathlib_dbl_infnan                   0x08004b80   Section        0  dunder.o(i.__mathlib_dbl_infnan)
    i.__mathlib_dbl_invalid                  0x08004b98   Section        0  dunder.o(i.__mathlib_dbl_invalid)
    i.__mathlib_dbl_underflow                0x08004bb8   Section        0  dunder.o(i.__mathlib_dbl_underflow)
    i.__scatterload_copy                     0x08004bd8   Section       14  handlers.o(i.__scatterload_copy)
    i.__scatterload_null                     0x08004be6   Section        2  handlers.o(i.__scatterload_null)
    i.__scatterload_zeroinit                 0x08004be8   Section       14  handlers.o(i.__scatterload_zeroinit)
    i.__set_errno                            0x08004bf8   Section        0  errno.o(i.__set_errno)
    i._printf_core                           0x08004c04   Section        0  printf6.o(i._printf_core)
    _printf_core                             0x08004c05   Thumb Code   748  printf6.o(i._printf_core)
    i._printf_post_padding                   0x08004ef4   Section        0  printf6.o(i._printf_post_padding)
    _printf_post_padding                     0x08004ef5   Thumb Code    36  printf6.o(i._printf_post_padding)
    i._printf_pre_padding                    0x08004f18   Section        0  printf6.o(i._printf_pre_padding)
    _printf_pre_padding                      0x08004f19   Thumb Code    46  printf6.o(i._printf_pre_padding)
    i._sputc                                 0x08004f46   Section        0  printf6.o(i._sputc)
    _sputc                                   0x08004f47   Thumb Code    10  printf6.o(i._sputc)
    i.fabs                                   0x08004f50   Section        0  fabs.o(i.fabs)
    i.main                                   0x08004f68   Section        0  main.o(i.main)
    i.yaw_cal                                0x08005050   Section        0  imu.o(i.yaw_cal)
    .constdata                               0x08005340   Section       16  system_stm32f4xx.o(.constdata)
    .constdata                               0x08005350   Section        8  system_stm32f4xx.o(.constdata)
    .constdata                               0x08005358   Section      152  atan.o(.constdata)
    atanhi                                   0x08005358   Data          32  atan.o(.constdata)
    atanlo                                   0x08005378   Data          32  atan.o(.constdata)
    aTodd                                    0x08005398   Data          40  atan.o(.constdata)
    aTeven                                   0x080053c0   Data          48  atan.o(.constdata)
    .constdata                               0x080053f0   Section       48  cos_i.o(.constdata)
    C                                        0x080053f0   Data          48  cos_i.o(.constdata)
    .constdata                               0x08005420   Section      200  rred.o(.constdata)
    pio2s                                    0x08005420   Data          48  rred.o(.constdata)
    twooverpi                                0x08005450   Data         152  rred.o(.constdata)
    .constdata                               0x080054e8   Section       40  sin_i.o(.constdata)
    S                                        0x080054e8   Data          40  sin_i.o(.constdata)
    .data                                    0x20000000   Section      120  main.o(.data)
    .data                                    0x20000078   Section       40  usart.o(.data)
    .data                                    0x200000a0   Section        4  usart.o(.data)
    .data                                    0x200000a4   Section        4  usart.o(.data)
    .data                                    0x200000a8   Section        4  usart.o(.data)
    .data                                    0x200000ac   Section        4  usart.o(.data)
    .data                                    0x200000b0   Section        4  usart.o(.data)
    .data                                    0x200000b4   Section        4  usart.o(.data)
    .data                                    0x200000b8   Section        4  usart.o(.data)
    .data                                    0x200000bc   Section        4  usart.o(.data)
    .data                                    0x200000c0   Section        4  usart.o(.data)
    .data                                    0x200000c4   Section        4  usart.o(.data)
    .data                                    0x200000c8   Section        4  usart.o(.data)
    .data                                    0x200000cc   Section        4  usart.o(.data)
    .data                                    0x200000d0   Section        4  usart.o(.data)
    .data                                    0x200000d4   Section        4  usart.o(.data)
    .data                                    0x200000d8   Section        4  usart.o(.data)
    .data                                    0x200000dc   Section       12  stm32f4xx_hal.o(.data)
    .data                                    0x200000e8   Section        4  system_stm32f4xx.o(.data)
    .data                                    0x200000ec   Section        4  errno.o(.data)
    _errno                                   0x200000ec   Data           4  errno.o(.data)
    .bss                                     0x200000f0   Section      688  main.o(.bss)
    .bss                                     0x200003a0   Section       84  i2c.o(.bss)
    .bss                                     0x200003f4   Section       88  spi.o(.bss)
    .bss                                     0x2000044c   Section       64  tim.o(.bss)
    .bss                                     0x2000048c   Section      192  usart.o(.bss)
    STACK                                    0x20000550   Section     1024  startup_stm32f411xe.o(STACK)

    Global Symbols

    Symbol Name                              Value     Ov Type        Size  Object(Section)

    BuildAttributes$$THM_ISAv4$E$P$D$K$B$S$7EM$VFPi3$EXTD16$VFPS$VFMA$PE$A:L22UL41UL21$X:L11$S22US41US21$IEEE1$IW$USESV6$~STKCKD$USESV7$~SHL$OTIME$ROPI$IEEEX$EBA8$MICROLIB$REQ8$PRES8$EABIv2 0x00000000   Number         0  anon$$obj.o ABSOLUTE
    __ARM_use_no_argv                        0x00000000   Number         0  main.o ABSOLUTE
    _printf_a                                0x00000000   Number         0  stubs.o ABSOLUTE
    _printf_c                                0x00000000   Number         0  stubs.o ABSOLUTE
    _printf_charcount                        0x00000000   Number         0  stubs.o ABSOLUTE
    _printf_d                                0x00000000   Number         0  stubs.o ABSOLUTE
    _printf_e                                0x00000000   Number         0  stubs.o ABSOLUTE
    _printf_f                                0x00000000   Number         0  stubs.o ABSOLUTE
    _printf_flags                            0x00000000   Number         0  stubs.o ABSOLUTE
    _printf_fp_dec                           0x00000000   Number         0  stubs.o ABSOLUTE
    _printf_fp_hex                           0x00000000   Number         0  stubs.o ABSOLUTE
    _printf_g                                0x00000000   Number         0  stubs.o ABSOLUTE
    _printf_i                                0x00000000   Number         0  stubs.o ABSOLUTE
    _printf_int_dec                          0x00000000   Number         0  stubs.o ABSOLUTE
    _printf_l                                0x00000000   Number         0  stubs.o ABSOLUTE
    _printf_lc                               0x00000000   Number         0  stubs.o ABSOLUTE
    _printf_ll                               0x00000000   Number         0  stubs.o ABSOLUTE
    _printf_lld                              0x00000000   Number         0  stubs.o ABSOLUTE
    _printf_lli                              0x00000000   Number         0  stubs.o ABSOLUTE
    _printf_llo                              0x00000000   Number         0  stubs.o ABSOLUTE
    _printf_llu                              0x00000000   Number         0  stubs.o ABSOLUTE
    _printf_llx                              0x00000000   Number         0  stubs.o ABSOLUTE
    _printf_longlong_dec                     0x00000000   Number         0  stubs.o ABSOLUTE
    _printf_longlong_hex                     0x00000000   Number         0  stubs.o ABSOLUTE
    _printf_longlong_oct                     0x00000000   Number         0  stubs.o ABSOLUTE
    _printf_ls                               0x00000000   Number         0  stubs.o ABSOLUTE
    _printf_mbtowc                           0x00000000   Number         0  stubs.o ABSOLUTE
    _printf_n                                0x00000000   Number         0  stubs.o ABSOLUTE
    _printf_o                                0x00000000   Number         0  stubs.o ABSOLUTE
    _printf_p                                0x00000000   Number         0  stubs.o ABSOLUTE
    _printf_percent                          0x00000000   Number         0  stubs.o ABSOLUTE
    _printf_pre_padding                      0x00000000   Number         0  stubs.o ABSOLUTE
    _printf_return_value                     0x00000000   Number         0  stubs.o ABSOLUTE
    _printf_s                                0x00000000   Number         0  stubs.o ABSOLUTE
    _printf_sizespec                         0x00000000   Number         0  stubs.o ABSOLUTE
    _printf_str                              0x00000000   Number         0  stubs.o ABSOLUTE
    _printf_truncate_signed                  0x00000000   Number         0  stubs.o ABSOLUTE
    _printf_truncate_unsigned                0x00000000   Number         0  stubs.o ABSOLUTE
    _printf_u                                0x00000000   Number         0  stubs.o ABSOLUTE
    _printf_wc                               0x00000000   Number         0  stubs.o ABSOLUTE
    _printf_wctomb                           0x00000000   Number         0  stubs.o ABSOLUTE
    _printf_widthprec                        0x00000000   Number         0  stubs.o ABSOLUTE
    _printf_x                                0x00000000   Number         0  stubs.o ABSOLUTE
    __cpp_initialize__aeabi_                  - Undefined Weak Reference
    __cxa_finalize                            - Undefined Weak Reference
    __decompress                              - Undefined Weak Reference
    _clock_init                               - Undefined Weak Reference
    _microlib_exit                            - Undefined Weak Reference
    __Vectors_Size                           0x00000198   Number         0  startup_stm32f411xe.o ABSOLUTE
    __Vectors                                0x08000000   Data           4  startup_stm32f411xe.o(RESET)
    __Vectors_End                            0x08000198   Data           0  startup_stm32f411xe.o(RESET)
    __main                                   0x08000199   Thumb Code     0  entry.o(.ARM.Collect$$$$00000000)
    _main_stk                                0x08000199   Thumb Code     0  entry2.o(.ARM.Collect$$$$00000001)
    _main_scatterload                        0x0800019d   Thumb Code     0  entry5.o(.ARM.Collect$$$$00000004)
    __main_after_scatterload                 0x080001a1   Thumb Code     0  entry5.o(.ARM.Collect$$$$00000004)
    _main_clock                              0x080001a1   Thumb Code     0  entry7b.o(.ARM.Collect$$$$00000008)
    _main_cpp_init                           0x080001a1   Thumb Code     0  entry8b.o(.ARM.Collect$$$$0000000A)
    _main_init                               0x080001a1   Thumb Code     0  entry9a.o(.ARM.Collect$$$$0000000B)
    __rt_final_cpp                           0x080001a9   Thumb Code     0  entry10a.o(.ARM.Collect$$$$0000000D)
    __rt_final_exit                          0x080001a9   Thumb Code     0  entry11a.o(.ARM.Collect$$$$0000000F)
    Reset_Handler                            0x080001ad   Thumb Code     8  startup_stm32f411xe.o(.text)
    ADC_IRQHandler                           0x080001c7   Thumb Code     0  startup_stm32f411xe.o(.text)
    DMA1_Stream0_IRQHandler                  0x080001c7   Thumb Code     0  startup_stm32f411xe.o(.text)
    DMA1_Stream1_IRQHandler                  0x080001c7   Thumb Code     0  startup_stm32f411xe.o(.text)
    DMA1_Stream2_IRQHandler                  0x080001c7   Thumb Code     0  startup_stm32f411xe.o(.text)
    DMA1_Stream3_IRQHandler                  0x080001c7   Thumb Code     0  startup_stm32f411xe.o(.text)
    DMA1_Stream4_IRQHandler                  0x080001c7   Thumb Code     0  startup_stm32f411xe.o(.text)
    DMA1_Stream5_IRQHandler                  0x080001c7   Thumb Code     0  startup_stm32f411xe.o(.text)
    DMA1_Stream6_IRQHandler                  0x080001c7   Thumb Code     0  startup_stm32f411xe.o(.text)
    DMA1_Stream7_IRQHandler                  0x080001c7   Thumb Code     0  startup_stm32f411xe.o(.text)
    DMA2_Stream0_IRQHandler                  0x080001c7   Thumb Code     0  startup_stm32f411xe.o(.text)
    DMA2_Stream1_IRQHandler                  0x080001c7   Thumb Code     0  startup_stm32f411xe.o(.text)
    DMA2_Stream2_IRQHandler                  0x080001c7   Thumb Code     0  startup_stm32f411xe.o(.text)
    DMA2_Stream3_IRQHandler                  0x080001c7   Thumb Code     0  startup_stm32f411xe.o(.text)
    DMA2_Stream4_IRQHandler                  0x080001c7   Thumb Code     0  startup_stm32f411xe.o(.text)
    DMA2_Stream5_IRQHandler                  0x080001c7   Thumb Code     0  startup_stm32f411xe.o(.text)
    DMA2_Stream6_IRQHandler                  0x080001c7   Thumb Code     0  startup_stm32f411xe.o(.text)
    DMA2_Stream7_IRQHandler                  0x080001c7   Thumb Code     0  startup_stm32f411xe.o(.text)
    EXTI0_IRQHandler                         0x080001c7   Thumb Code     0  startup_stm32f411xe.o(.text)
    EXTI15_10_IRQHandler                     0x080001c7   Thumb Code     0  startup_stm32f411xe.o(.text)
    EXTI1_IRQHandler                         0x080001c7   Thumb Code     0  startup_stm32f411xe.o(.text)
    EXTI2_IRQHandler                         0x080001c7   Thumb Code     0  startup_stm32f411xe.o(.text)
    EXTI3_IRQHandler                         0x080001c7   Thumb Code     0  startup_stm32f411xe.o(.text)
    EXTI4_IRQHandler                         0x080001c7   Thumb Code     0  startup_stm32f411xe.o(.text)
    EXTI9_5_IRQHandler                       0x080001c7   Thumb Code     0  startup_stm32f411xe.o(.text)
    FLASH_IRQHandler                         0x080001c7   Thumb Code     0  startup_stm32f411xe.o(.text)
    FPU_IRQHandler                           0x080001c7   Thumb Code     0  startup_stm32f411xe.o(.text)
    I2C1_ER_IRQHandler                       0x080001c7   Thumb Code     0  startup_stm32f411xe.o(.text)
    I2C1_EV_IRQHandler                       0x080001c7   Thumb Code     0  startup_stm32f411xe.o(.text)
    I2C2_ER_IRQHandler                       0x080001c7   Thumb Code     0  startup_stm32f411xe.o(.text)
    I2C2_EV_IRQHandler                       0x080001c7   Thumb Code     0  startup_stm32f411xe.o(.text)
    I2C3_ER_IRQHandler                       0x080001c7   Thumb Code     0  startup_stm32f411xe.o(.text)
    I2C3_EV_IRQHandler                       0x080001c7   Thumb Code     0  startup_stm32f411xe.o(.text)
    OTG_FS_IRQHandler                        0x080001c7   Thumb Code     0  startup_stm32f411xe.o(.text)
    OTG_FS_WKUP_IRQHandler                   0x080001c7   Thumb Code     0  startup_stm32f411xe.o(.text)
    PVD_IRQHandler                           0x080001c7   Thumb Code     0  startup_stm32f411xe.o(.text)
    RCC_IRQHandler                           0x080001c7   Thumb Code     0  startup_stm32f411xe.o(.text)
    RTC_Alarm_IRQHandler                     0x080001c7   Thumb Code     0  startup_stm32f411xe.o(.text)
    RTC_WKUP_IRQHandler                      0x080001c7   Thumb Code     0  startup_stm32f411xe.o(.text)
    SDIO_IRQHandler                          0x080001c7   Thumb Code     0  startup_stm32f411xe.o(.text)
    SPI1_IRQHandler                          0x080001c7   Thumb Code     0  startup_stm32f411xe.o(.text)
    SPI2_IRQHandler                          0x080001c7   Thumb Code     0  startup_stm32f411xe.o(.text)
    SPI3_IRQHandler                          0x080001c7   Thumb Code     0  startup_stm32f411xe.o(.text)
    SPI4_IRQHandler                          0x080001c7   Thumb Code     0  startup_stm32f411xe.o(.text)
    SPI5_IRQHandler                          0x080001c7   Thumb Code     0  startup_stm32f411xe.o(.text)
    TAMP_STAMP_IRQHandler                    0x080001c7   Thumb Code     0  startup_stm32f411xe.o(.text)
    TIM1_BRK_TIM9_IRQHandler                 0x080001c7   Thumb Code     0  startup_stm32f411xe.o(.text)
    TIM1_CC_IRQHandler                       0x080001c7   Thumb Code     0  startup_stm32f411xe.o(.text)
    TIM1_TRG_COM_TIM11_IRQHandler            0x080001c7   Thumb Code     0  startup_stm32f411xe.o(.text)
    TIM1_UP_TIM10_IRQHandler                 0x080001c7   Thumb Code     0  startup_stm32f411xe.o(.text)
    TIM2_IRQHandler                          0x080001c7   Thumb Code     0  startup_stm32f411xe.o(.text)
    TIM3_IRQHandler                          0x080001c7   Thumb Code     0  startup_stm32f411xe.o(.text)
    TIM5_IRQHandler                          0x080001c7   Thumb Code     0  startup_stm32f411xe.o(.text)
    USART1_IRQHandler                        0x080001c7   Thumb Code     0  startup_stm32f411xe.o(.text)
    USART2_IRQHandler                        0x080001c7   Thumb Code     0  startup_stm32f411xe.o(.text)
    USART6_IRQHandler                        0x080001c7   Thumb Code     0  startup_stm32f411xe.o(.text)
    WWDG_IRQHandler                          0x080001c7   Thumb Code     0  startup_stm32f411xe.o(.text)
    __aeabi_uldivmod                         0x080001d1   Thumb Code    98  uldiv.o(.text)
    __aeabi_memset                           0x08000233   Thumb Code    14  memseta.o(.text)
    __aeabi_memset4                          0x08000233   Thumb Code     0  memseta.o(.text)
    __aeabi_memset8                          0x08000233   Thumb Code     0  memseta.o(.text)
    __aeabi_memclr                           0x08000241   Thumb Code     4  memseta.o(.text)
    __aeabi_memclr4                          0x08000241   Thumb Code     0  memseta.o(.text)
    __aeabi_memclr8                          0x08000241   Thumb Code     0  memseta.o(.text)
    _memset$wrapper                          0x08000245   Thumb Code    18  memseta.o(.text)
    __aeabi_dadd                             0x08000257   Thumb Code   322  dadd.o(.text)
    __aeabi_dsub                             0x08000399   Thumb Code     6  dadd.o(.text)
    __aeabi_drsub                            0x0800039f   Thumb Code     6  dadd.o(.text)
    __aeabi_dmul                             0x080003a5   Thumb Code   228  dmul.o(.text)
    __aeabi_ddiv                             0x08000489   Thumb Code   222  ddiv.o(.text)
    __aeabi_i2d                              0x08000567   Thumb Code    34  dflti.o(.text)
    __aeabi_d2iz                             0x08000589   Thumb Code    62  dfixi.o(.text)
    __aeabi_d2uiz                            0x080005c7   Thumb Code    50  dfixui.o(.text)
    __aeabi_f2d                              0x080005f9   Thumb Code    38  f2d.o(.text)
    __aeabi_cdcmpeq                          0x08000621   Thumb Code     0  cdcmple.o(.text)
    __aeabi_cdcmple                          0x08000621   Thumb Code    48  cdcmple.o(.text)
    __aeabi_cdrcmple                         0x08000651   Thumb Code    48  cdrcmple.o(.text)
    __aeabi_d2f                              0x08000681   Thumb Code    56  d2f.o(.text)
    __aeabi_uidiv                            0x080006b9   Thumb Code     0  uidiv.o(.text)
    __aeabi_uidivmod                         0x080006b9   Thumb Code    44  uidiv.o(.text)
    __aeabi_llsl                             0x080006e5   Thumb Code    30  llshl.o(.text)
    _ll_shift_l                              0x080006e5   Thumb Code     0  llshl.o(.text)
    __aeabi_llsr                             0x08000703   Thumb Code    32  llushr.o(.text)
    _ll_ushift_r                             0x08000703   Thumb Code     0  llushr.o(.text)
    __aeabi_lasr                             0x08000723   Thumb Code    36  llsshr.o(.text)
    _ll_sshift_r                             0x08000723   Thumb Code     0  llsshr.o(.text)
    __I$use$fp                               0x08000747   Thumb Code     0  iusefp.o(.text)
    _float_round                             0x08000747   Thumb Code    18  fepilogue.o(.text)
    _float_epilogue                          0x08000759   Thumb Code    92  fepilogue.o(.text)
    _double_round                            0x080007b5   Thumb Code    30  depilogue.o(.text)
    _double_epilogue                         0x080007d3   Thumb Code   156  depilogue.o(.text)
    _dsqrt                                   0x0800086f   Thumb Code   162  dsqrt.o(.text)
    __scatterload                            0x08000911   Thumb Code    28  init.o(.text)
    __scatterload_rt2                        0x08000911   Thumb Code     0  init.o(.text)
    __aeabi_ui2d                             0x08000935   Thumb Code    26  dfltui.o(.text)
    BusFault_Handler                         0x0800094f   Thumb Code     2  stm32f4xx_it.o(i.BusFault_Handler)
    DebugMon_Handler                         0x08000951   Thumb Code     2  stm32f4xx_it.o(i.DebugMon_Handler)
    Error_Handler                            0x08000953   Thumb Code     2  main.o(i.Error_Handler)
    HAL_Delay                                0x08000955   Thumb Code    32  stm32f4xx_hal.o(i.HAL_Delay)
    HAL_GPIO_Init                            0x08000979   Thumb Code   370  stm32f4xx_hal_gpio.o(i.HAL_GPIO_Init)
    HAL_GPIO_WritePin                        0x08000b0d   Thumb Code    10  stm32f4xx_hal_gpio.o(i.HAL_GPIO_WritePin)
    HAL_GetTick                              0x08000b19   Thumb Code     6  stm32f4xx_hal.o(i.HAL_GetTick)
    HAL_I2C_Init                             0x08000b25   Thumb Code   376  stm32f4xx_hal_i2c.o(i.HAL_I2C_Init)
    HAL_I2C_IsDeviceReady                    0x08000cad   Thumb Code   354  stm32f4xx_hal_i2c.o(i.HAL_I2C_IsDeviceReady)
    HAL_I2C_Master_Receive                   0x08000e19   Thumb Code   468  stm32f4xx_hal_i2c.o(i.HAL_I2C_Master_Receive)
    HAL_I2C_Master_Transmit                  0x08000ff9   Thumb Code   290  stm32f4xx_hal_i2c.o(i.HAL_I2C_Master_Transmit)
    HAL_I2C_MspInit                          0x08001125   Thumb Code    94  i2c.o(i.HAL_I2C_MspInit)
    HAL_IncTick                              0x08001191   Thumb Code    12  stm32f4xx_hal.o(i.HAL_IncTick)
    HAL_Init                                 0x080011a1   Thumb Code    48  stm32f4xx_hal.o(i.HAL_Init)
    HAL_InitTick                             0x080011d5   Thumb Code    54  stm32f4xx_hal.o(i.HAL_InitTick)
    HAL_MspInit                              0x08001215   Thumb Code    42  stm32f4xx_hal_msp.o(i.HAL_MspInit)
    HAL_NVIC_EnableIRQ                       0x08001245   Thumb Code    26  stm32f4xx_hal_cortex.o(i.HAL_NVIC_EnableIRQ)
    HAL_NVIC_SetPriority                     0x08001261   Thumb Code    60  stm32f4xx_hal_cortex.o(i.HAL_NVIC_SetPriority)
    HAL_NVIC_SetPriorityGrouping             0x080012a1   Thumb Code    26  stm32f4xx_hal_cortex.o(i.HAL_NVIC_SetPriorityGrouping)
    HAL_RCC_ClockConfig                      0x080012c5   Thumb Code   288  stm32f4xx_hal_rcc.o(i.HAL_RCC_ClockConfig)
    HAL_RCC_GetPCLK1Freq                     0x080013f9   Thumb Code    20  stm32f4xx_hal_rcc.o(i.HAL_RCC_GetPCLK1Freq)
    HAL_RCC_GetPCLK2Freq                     0x08001419   Thumb Code    20  stm32f4xx_hal_rcc.o(i.HAL_RCC_GetPCLK2Freq)
    HAL_RCC_GetSysClockFreq                  0x08001439   Thumb Code    88  stm32f4xx_hal_rcc.o(i.HAL_RCC_GetSysClockFreq)
    HAL_RCC_OscConfig                        0x08001499   Thumb Code   840  stm32f4xx_hal_rcc.o(i.HAL_RCC_OscConfig)
    HAL_SPI_Init                             0x080017f5   Thumb Code   128  stm32f4xx_hal_spi.o(i.HAL_SPI_Init)
    HAL_SPI_MspInit                          0x08001875   Thumb Code    92  spi.o(i.HAL_SPI_MspInit)
    HAL_SPI_Receive                          0x080018dd   Thumb Code   336  stm32f4xx_hal_spi.o(i.HAL_SPI_Receive)
    HAL_SPI_Transmit                         0x08001a2d   Thumb Code   348  stm32f4xx_hal_spi.o(i.HAL_SPI_Transmit)
    HAL_SPI_TransmitReceive                  0x08001b89   Thumb Code   482  stm32f4xx_hal_spi.o(i.HAL_SPI_TransmitReceive)
    HAL_SYSTICK_Config                       0x08001d6b   Thumb Code    40  stm32f4xx_hal_cortex.o(i.HAL_SYSTICK_Config)
    HAL_TIMEx_BreakCallback                  0x08001d93   Thumb Code     2  stm32f4xx_hal_tim_ex.o(i.HAL_TIMEx_BreakCallback)
    HAL_TIMEx_CommutCallback                 0x08001d95   Thumb Code     2  stm32f4xx_hal_tim_ex.o(i.HAL_TIMEx_CommutCallback)
    HAL_TIMEx_MasterConfigSynchronization    0x08001d99   Thumb Code   104  stm32f4xx_hal_tim_ex.o(i.HAL_TIMEx_MasterConfigSynchronization)
    HAL_TIM_Base_Init                        0x08001e15   Thumb Code    54  stm32f4xx_hal_tim.o(i.HAL_TIM_Base_Init)
    HAL_TIM_Base_MspInit                     0x08001e4d   Thumb Code    72  tim.o(i.HAL_TIM_Base_MspInit)
    HAL_TIM_Base_Start_IT                    0x08001ea1   Thumb Code    34  stm32f4xx_hal_tim.o(i.HAL_TIM_Base_Start_IT)
    HAL_TIM_Base_Stop_IT                     0x08001ec3   Thumb Code    42  stm32f4xx_hal_tim.o(i.HAL_TIM_Base_Stop_IT)
    HAL_TIM_ConfigClockSource                0x08001eed   Thumb Code   214  stm32f4xx_hal_tim.o(i.HAL_TIM_ConfigClockSource)
    HAL_TIM_IC_CaptureCallback               0x08001fc3   Thumb Code     2  stm32f4xx_hal_tim.o(i.HAL_TIM_IC_CaptureCallback)
    HAL_TIM_IRQHandler                       0x08001fc5   Thumb Code   358  stm32f4xx_hal_tim.o(i.HAL_TIM_IRQHandler)
    HAL_TIM_MspPostInit                      0x0800212d   Thumb Code   104  tim.o(i.HAL_TIM_MspPostInit)
    HAL_TIM_OC_DelayElapsedCallback          0x080021a5   Thumb Code     2  stm32f4xx_hal_tim.o(i.HAL_TIM_OC_DelayElapsedCallback)
    HAL_TIM_PWM_ConfigChannel                0x080021a7   Thumb Code   208  stm32f4xx_hal_tim.o(i.HAL_TIM_PWM_ConfigChannel)
    HAL_TIM_PWM_Init                         0x08002277   Thumb Code    54  stm32f4xx_hal_tim.o(i.HAL_TIM_PWM_Init)
    HAL_TIM_PWM_MspInit                      0x080022ad   Thumb Code     2  stm32f4xx_hal_tim.o(i.HAL_TIM_PWM_MspInit)
    HAL_TIM_PWM_PulseFinishedCallback        0x080022af   Thumb Code     2  stm32f4xx_hal_tim.o(i.HAL_TIM_PWM_PulseFinishedCallback)
    HAL_TIM_PWM_Start                        0x080022b1   Thumb Code    52  stm32f4xx_hal_tim.o(i.HAL_TIM_PWM_Start)
    HAL_TIM_PeriodElapsedCallback            0x080022e9   Thumb Code  1830  main.o(i.HAL_TIM_PeriodElapsedCallback)
    HAL_TIM_TriggerCallback                  0x08002a65   Thumb Code     2  stm32f4xx_hal_tim.o(i.HAL_TIM_TriggerCallback)
    HAL_UART_Init                            0x08002a67   Thumb Code    98  stm32f4xx_hal_uart.o(i.HAL_UART_Init)
    HAL_UART_MspInit                         0x08002ac9   Thumb Code   138  usart.o(i.HAL_UART_MspInit)
    HAL_UART_Receive                         0x08002b65   Thumb Code   190  stm32f4xx_hal_uart.o(i.HAL_UART_Receive)
    HAL_UART_Transmit                        0x08002c23   Thumb Code   186  stm32f4xx_hal_uart.o(i.HAL_UART_Transmit)
    HardFault_Handler                        0x08002cdd   Thumb Code     2  stm32f4xx_it.o(i.HardFault_Handler)
    L3GD20_Init                              0x08003091   Thumb Code   190  imu.o(i.L3GD20_Init)
    L3GD20_getdata                           0x08003159   Thumb Code   230  imu.o(i.L3GD20_getdata)
    LMS303DLHC_Init                          0x08003261   Thumb Code   186  imu.o(i.LMS303DLHC_Init)
    LMS303DLHC_getdata                       0x08003325   Thumb Code   314  imu.o(i.LMS303DLHC_getdata)
    MX_GPIO_Init                             0x0800346d   Thumb Code   132  gpio.o(i.MX_GPIO_Init)
    MX_I2C1_Init                             0x080034f9   Thumb Code    50  i2c.o(i.MX_I2C1_Init)
    MX_SPI1_Init                             0x08003539   Thumb Code    62  spi.o(i.MX_SPI1_Init)
    MX_TIM3_Init                             0x08003581   Thumb Code   192  tim.o(i.MX_TIM3_Init)
    MX_TIM4_Init                             0x08003649   Thumb Code    92  tim.o(i.MX_TIM4_Init)
    MX_USART1_UART_Init                      0x080036b1   Thumb Code    48  usart.o(i.MX_USART1_UART_Init)
    MX_USART2_UART_Init                      0x080036e9   Thumb Code    48  usart.o(i.MX_USART2_UART_Init)
    MemManage_Handler                        0x08003721   Thumb Code     2  stm32f4xx_it.o(i.MemManage_Handler)
    NMI_Handler                              0x08003723   Thumb Code     2  stm32f4xx_it.o(i.NMI_Handler)
    PendSV_Handler                           0x08003725   Thumb Code     2  stm32f4xx_it.o(i.PendSV_Handler)
    SVC_Handler                              0x08003871   Thumb Code     2  stm32f4xx_it.o(i.SVC_Handler)
    SysTick_Handler                          0x08003873   Thumb Code     4  stm32f4xx_it.o(i.SysTick_Handler)
    SystemClock_Config                       0x08003879   Thumb Code   118  main.o(i.SystemClock_Config)
    SystemInit                               0x080038f9   Thumb Code    22  system_stm32f4xx.o(i.SystemInit)
    TIM4_IRQHandler                          0x08003915   Thumb Code     6  stm32f4xx_it.o(i.TIM4_IRQHandler)
    TIM_Base_SetConfig                       0x08003921   Thumb Code   122  stm32f4xx_hal_tim.o(i.TIM_Base_SetConfig)
    TIM_CCxChannelCmd                        0x080039b9   Thumb Code    26  stm32f4xx_hal_tim.o(i.TIM_CCxChannelCmd)
    TIM_ETR_SetConfig                        0x080039d3   Thumb Code    20  stm32f4xx_hal_tim.o(i.TIM_ETR_SetConfig)
    TIM_OC2_SetConfig                        0x08003a49   Thumb Code    84  stm32f4xx_hal_tim.o(i.TIM_OC2_SetConfig)
    UART_READ_DATA                           0x08003b85   Thumb Code   256  usart.o(i.UART_READ_DATA)
    UsageFault_Handler                       0x08003e49   Thumb Code     2  stm32f4xx_it.o(i.UsageFault_Handler)
    __0sprintf$6                             0x08003e4d   Thumb Code    34  printf6.o(i.__0sprintf$6)
    __1sprintf$6                             0x08003e4d   Thumb Code     0  printf6.o(i.__0sprintf$6)
    __2sprintf                               0x08003e4d   Thumb Code     0  printf6.o(i.__0sprintf$6)
    __ARM_fpclassify                         0x08003e75   Thumb Code    48  fpclassify.o(i.__ARM_fpclassify)
    __hardfp_atan                            0x08003ec9   Thumb Code   622  atan.o(i.__hardfp_atan)
    __hardfp_cos                             0x080041a1   Thumb Code   180  cos.o(i.__hardfp_cos)
    __hardfp_sin                             0x08004269   Thumb Code   180  sin.o(i.__hardfp_sin)
    __hardfp_sqrt                            0x08004331   Thumb Code   122  sqrt.o(i.__hardfp_sqrt)
    __ieee754_rem_pio2                       0x080043b1   Thumb Code   938  rred.o(i.__ieee754_rem_pio2)
    __kernel_cos                             0x080047e9   Thumb Code   322  cos_i.o(i.__kernel_cos)
    __kernel_poly                            0x08004959   Thumb Code   248  poly.o(i.__kernel_poly)
    __kernel_sin                             0x08004a51   Thumb Code   280  sin_i.o(i.__kernel_sin)
    __mathlib_dbl_infnan                     0x08004b81   Thumb Code    20  dunder.o(i.__mathlib_dbl_infnan)
    __mathlib_dbl_invalid                    0x08004b99   Thumb Code    24  dunder.o(i.__mathlib_dbl_invalid)
    __mathlib_dbl_underflow                  0x08004bb9   Thumb Code    24  dunder.o(i.__mathlib_dbl_underflow)
    __scatterload_copy                       0x08004bd9   Thumb Code    14  handlers.o(i.__scatterload_copy)
    __scatterload_null                       0x08004be7   Thumb Code     2  handlers.o(i.__scatterload_null)
    __scatterload_zeroinit                   0x08004be9   Thumb Code    14  handlers.o(i.__scatterload_zeroinit)
    __set_errno                              0x08004bf9   Thumb Code     6  errno.o(i.__set_errno)
    fabs                                     0x08004f51   Thumb Code    24  fabs.o(i.fabs)
    main                                     0x08004f69   Thumb Code   190  main.o(i.main)
    yaw_cal                                  0x08005051   Thumb Code   698  imu.o(i.yaw_cal)
    AHBPrescTable                            0x08005340   Data          16  system_stm32f4xx.o(.constdata)
    APBPrescTable                            0x08005350   Data           8  system_stm32f4xx.o(.constdata)
    Region$$Table$$Base                      0x08005510   Number         0  anon$$obj.o(Region$$Table)
    Region$$Table$$Limit                     0x08005530   Number         0  anon$$obj.o(Region$$Table)
    btn                                      0x20000000   Data           1  main.o(.data)
    roll_PID                                 0x20000004   Data           4  main.o(.data)
    pitch_PID                                0x20000008   Data           4  main.o(.data)
    yaw_PID                                  0x2000000c   Data           4  main.o(.data)
    roll_pre                                 0x20000010   Data           4  main.o(.data)
    pitch_pre                                0x20000014   Data           4  main.o(.data)
    y_temp                                   0x20000018   Data           4  main.o(.data)
    KP1                                      0x2000001c   Data           4  main.o(.data)
    KD1                                      0x20000020   Data           4  main.o(.data)
    KI1                                      0x20000024   Data           4  main.o(.data)
    KP2                                      0x20000028   Data           4  main.o(.data)
    KD2                                      0x2000002c   Data           4  main.o(.data)
    KI2                                      0x20000030   Data           4  main.o(.data)
    KP3                                      0x20000034   Data           4  main.o(.data)
    KD3                                      0x20000038   Data           4  main.o(.data)
    KI3                                      0x2000003c   Data           4  main.o(.data)
    dem                                      0x20000040   Data           4  main.o(.data)
    dt                                       0x20000048   Data           8  main.o(.data)
    T                                        0x20000050   Data           8  main.o(.data)
    pwm1                                     0x20000058   Data           8  main.o(.data)
    pwm2                                     0x20000060   Data           8  main.o(.data)
    pwm3                                     0x20000068   Data           8  main.o(.data)
    pwm4                                     0x20000070   Data           8  main.o(.data)
    Button                                   0x20000078   Data           1  usart.o(.data)
    pid_roll_I                               0x2000007c   Data           4  usart.o(.data)
    pid_pitch_I                              0x20000080   Data           4  usart.o(.data)
    pid_yaw_I                                0x20000084   Data           4  usart.o(.data)
    U1                                       0x20000088   Data           8  usart.o(.data)
    offset_nghiengX                          0x20000090   Data           8  usart.o(.data)
    offset_nghiengY                          0x20000098   Data           8  usart.o(.data)
    gocdat_Roll                              0x200000a0   Data           4  usart.o(.data)
    error_Roll                               0x200000a4   Data           4  usart.o(.data)
    error_Roll_pre                           0x200000a8   Data           4  usart.o(.data)
    pid_roll_P                               0x200000ac   Data           4  usart.o(.data)
    pid_roll_D                               0x200000b0   Data           4  usart.o(.data)
    gocdat_Pitch                             0x200000b4   Data           4  usart.o(.data)
    error_Pitch                              0x200000b8   Data           4  usart.o(.data)
    error_Pitch_pre                          0x200000bc   Data           4  usart.o(.data)
    pid_pitch_P                              0x200000c0   Data           4  usart.o(.data)
    pid_pitch_D                              0x200000c4   Data           4  usart.o(.data)
    gocdat_Yaw                               0x200000c8   Data           4  usart.o(.data)
    error_Yaw                                0x200000cc   Data           4  usart.o(.data)
    error_Yaw_pre                            0x200000d0   Data           4  usart.o(.data)
    pid_yaw_P                                0x200000d4   Data           4  usart.o(.data)
    pid_yaw_D                                0x200000d8   Data           4  usart.o(.data)
    uwTickFreq                               0x200000dc   Data           1  stm32f4xx_hal.o(.data)
    uwTickPrio                               0x200000e0   Data           4  stm32f4xx_hal.o(.data)
    uwTick                                   0x200000e4   Data           4  stm32f4xx_hal.o(.data)
    SystemCoreClock                          0x200000e8   Data           4  system_stm32f4xx.o(.data)
    buffer                                   0x200000f0   Data         100  main.o(.bss)
    trucx                                    0x20000158   Data         184  main.o(.bss)
    trucy                                    0x20000210   Data         184  main.o(.bss)
    trucz                                    0x200002c8   Data         184  main.o(.bss)
    PWM                                      0x20000380   Data          32  main.o(.bss)
    hi2c1                                    0x200003a0   Data          84  i2c.o(.bss)
    hspi1                                    0x200003f4   Data          88  spi.o(.bss)
    htim3                                    0x2000044c   Data          64  tim.o(.bss)
    htim4                                    0x2000048c   Data          64  usart.o(.bss)
    huart1                                   0x200004cc   Data          64  usart.o(.bss)
    huart2                                   0x2000050c   Data          64  usart.o(.bss)
    __initial_sp                             0x20000950   Data           0  startup_stm32f411xe.o(STACK)



==============================================================================

Memory Map of the image

  Image Entry point : 0x08000199

  Load Region LR_IROM1 (Base: 0x08000000, Size: 0x00005620, Max: 0x00080000, ABSOLUTE)

    Execution Region ER_IROM1 (Base: 0x08000000, Size: 0x00005530, Max: 0x00080000, ABSOLUTE)

    Base Addr    Size         Type   Attr      Idx    E Section Name        Object

    0x08000000   0x00000198   Data   RO            3    RESET               startup_stm32f411xe.o
    0x08000198   0x00000000   Code   RO         3948  * .ARM.Collect$$$$00000000  mc_w.l(entry.o)
    0x08000198   0x00000004   Code   RO         4274    .ARM.Collect$$$$00000001  mc_w.l(entry2.o)
    0x0800019c   0x00000004   Code   RO         4277    .ARM.Collect$$$$00000004  mc_w.l(entry5.o)
    0x080001a0   0x00000000   Code   RO         4279    .ARM.Collect$$$$00000008  mc_w.l(entry7b.o)
    0x080001a0   0x00000000   Code   RO         4281    .ARM.Collect$$$$0000000A  mc_w.l(entry8b.o)
    0x080001a0   0x00000008   Code   RO         4282    .ARM.Collect$$$$0000000B  mc_w.l(entry9a.o)
    0x080001a8   0x00000000   Code   RO         4284    .ARM.Collect$$$$0000000D  mc_w.l(entry10a.o)
    0x080001a8   0x00000000   Code   RO         4286    .ARM.Collect$$$$0000000F  mc_w.l(entry11a.o)
    0x080001a8   0x00000004   Code   RO         4275    .ARM.Collect$$$$00002712  mc_w.l(entry2.o)
    0x080001ac   0x00000024   Code   RO            4    .text               startup_stm32f411xe.o
    0x080001d0   0x00000062   Code   RO         3951    .text               mc_w.l(uldiv.o)
    0x08000232   0x00000024   Code   RO         3953    .text               mc_w.l(memseta.o)
    0x08000256   0x0000014e   Code   RO         4216    .text               mf_w.l(dadd.o)
    0x080003a4   0x000000e4   Code   RO         4218    .text               mf_w.l(dmul.o)
    0x08000488   0x000000de   Code   RO         4220    .text               mf_w.l(ddiv.o)
    0x08000566   0x00000022   Code   RO         4222    .text               mf_w.l(dflti.o)
    0x08000588   0x0000003e   Code   RO         4224    .text               mf_w.l(dfixi.o)
    0x080005c6   0x00000032   Code   RO         4226    .text               mf_w.l(dfixui.o)
    0x080005f8   0x00000026   Code   RO         4228    .text               mf_w.l(f2d.o)
    0x0800061e   0x00000002   PAD
    0x08000620   0x00000030   Code   RO         4230    .text               mf_w.l(cdcmple.o)
    0x08000650   0x00000030   Code   RO         4232    .text               mf_w.l(cdrcmple.o)
    0x08000680   0x00000038   Code   RO         4234    .text               mf_w.l(d2f.o)
    0x080006b8   0x0000002c   Code   RO         4291    .text               mc_w.l(uidiv.o)
    0x080006e4   0x0000001e   Code   RO         4293    .text               mc_w.l(llshl.o)
    0x08000702   0x00000020   Code   RO         4295    .text               mc_w.l(llushr.o)
    0x08000722   0x00000024   Code   RO         4297    .text               mc_w.l(llsshr.o)
    0x08000746   0x00000000   Code   RO         4306    .text               mc_w.l(iusefp.o)
    0x08000746   0x0000006e   Code   RO         4307    .text               mf_w.l(fepilogue.o)
    0x080007b4   0x000000ba   Code   RO         4309    .text               mf_w.l(depilogue.o)
    0x0800086e   0x000000a2   Code   RO         4313    .text               mf_w.l(dsqrt.o)
    0x08000910   0x00000024   Code   RO         4317    .text               mc_w.l(init.o)
    0x08000934   0x0000001a   Code   RO         4321    .text               mf_w.l(dfltui.o)
    0x0800094e   0x00000002   Code   RO          447    i.BusFault_Handler  stm32f4xx_it.o
    0x08000950   0x00000002   Code   RO          448    i.DebugMon_Handler  stm32f4xx_it.o
    0x08000952   0x00000002   Code   RO           14    i.Error_Handler     main.o
    0x08000954   0x00000024   Code   RO         2036    i.HAL_Delay         stm32f4xx_hal.o
    0x08000978   0x00000194   Code   RO         1486    i.HAL_GPIO_Init     stm32f4xx_hal_gpio.o
    0x08000b0c   0x0000000a   Code   RO         1490    i.HAL_GPIO_WritePin  stm32f4xx_hal_gpio.o
    0x08000b16   0x00000002   PAD
    0x08000b18   0x0000000c   Code   RO         2042    i.HAL_GetTick       stm32f4xx_hal.o
    0x08000b24   0x00000188   Code   RO          631    i.HAL_I2C_Init      stm32f4xx_hal_i2c.o
    0x08000cac   0x0000016c   Code   RO          632    i.HAL_I2C_IsDeviceReady  stm32f4xx_hal_i2c.o
    0x08000e18   0x000001e0   Code   RO          637    i.HAL_I2C_Master_Receive  stm32f4xx_hal_i2c.o
    0x08000ff8   0x0000012c   Code   RO          644    i.HAL_I2C_Master_Transmit  stm32f4xx_hal_i2c.o
    0x08001124   0x0000006c   Code   RO          229    i.HAL_I2C_MspInit   i2c.o
    0x08001190   0x00000010   Code   RO         2048    i.HAL_IncTick       stm32f4xx_hal.o
    0x080011a0   0x00000034   Code   RO         2049    i.HAL_Init          stm32f4xx_hal.o
    0x080011d4   0x00000040   Code   RO         2050    i.HAL_InitTick      stm32f4xx_hal.o
    0x08001214   0x00000030   Code   RO          529    i.HAL_MspInit       stm32f4xx_hal_msp.o
    0x08001244   0x0000001a   Code   RO         1899    i.HAL_NVIC_EnableIRQ  stm32f4xx_hal_cortex.o
    0x0800125e   0x00000002   PAD
    0x08001260   0x00000040   Code   RO         1905    i.HAL_NVIC_SetPriority  stm32f4xx_hal_cortex.o
    0x080012a0   0x00000024   Code   RO         1906    i.HAL_NVIC_SetPriorityGrouping  stm32f4xx_hal_cortex.o
    0x080012c4   0x00000134   Code   RO         1078    i.HAL_RCC_ClockConfig  stm32f4xx_hal_rcc.o
    0x080013f8   0x00000020   Code   RO         1085    i.HAL_RCC_GetPCLK1Freq  stm32f4xx_hal_rcc.o
    0x08001418   0x00000020   Code   RO         1086    i.HAL_RCC_GetPCLK2Freq  stm32f4xx_hal_rcc.o
    0x08001438   0x00000060   Code   RO         1087    i.HAL_RCC_GetSysClockFreq  stm32f4xx_hal_rcc.o
    0x08001498   0x0000035c   Code   RO         1090    i.HAL_RCC_OscConfig  stm32f4xx_hal_rcc.o
    0x080017f4   0x00000080   Code   RO         2298    i.HAL_SPI_Init      stm32f4xx_hal_spi.o
    0x08001874   0x00000068   Code   RO          271    i.HAL_SPI_MspInit   spi.o
    0x080018dc   0x00000150   Code   RO         2301    i.HAL_SPI_Receive   stm32f4xx_hal_spi.o
    0x08001a2c   0x0000015c   Code   RO         2306    i.HAL_SPI_Transmit  stm32f4xx_hal_spi.o
    0x08001b88   0x000001e2   Code   RO         2307    i.HAL_SPI_TransmitReceive  stm32f4xx_hal_spi.o
    0x08001d6a   0x00000028   Code   RO         1910    i.HAL_SYSTICK_Config  stm32f4xx_hal_cortex.o
    0x08001d92   0x00000002   Code   RO         3286    i.HAL_TIMEx_BreakCallback  stm32f4xx_hal_tim_ex.o
    0x08001d94   0x00000002   Code   RO         3287    i.HAL_TIMEx_CommutCallback  stm32f4xx_hal_tim_ex.o
    0x08001d96   0x00000002   PAD
    0x08001d98   0x0000007c   Code   RO         3304    i.HAL_TIMEx_MasterConfigSynchronization  stm32f4xx_hal_tim_ex.o
    0x08001e14   0x00000036   Code   RO         2611    i.HAL_TIM_Base_Init  stm32f4xx_hal_tim.o
    0x08001e4a   0x00000002   PAD
    0x08001e4c   0x00000054   Code   RO          313    i.HAL_TIM_Base_MspInit  tim.o
    0x08001ea0   0x00000022   Code   RO         2616    i.HAL_TIM_Base_Start_IT  stm32f4xx_hal_tim.o
    0x08001ec2   0x0000002a   Code   RO         2619    i.HAL_TIM_Base_Stop_IT  stm32f4xx_hal_tim.o
    0x08001eec   0x000000d6   Code   RO         2620    i.HAL_TIM_ConfigClockSource  stm32f4xx_hal_tim.o
    0x08001fc2   0x00000002   Code   RO         2640    i.HAL_TIM_IC_CaptureCallback  stm32f4xx_hal_tim.o
    0x08001fc4   0x00000166   Code   RO         2654    i.HAL_TIM_IRQHandler  stm32f4xx_hal_tim.o
    0x0800212a   0x00000002   PAD
    0x0800212c   0x00000078   Code   RO          314    i.HAL_TIM_MspPostInit  tim.o
    0x080021a4   0x00000002   Code   RO         2657    i.HAL_TIM_OC_DelayElapsedCallback  stm32f4xx_hal_tim.o
    0x080021a6   0x000000d0   Code   RO         2678    i.HAL_TIM_PWM_ConfigChannel  stm32f4xx_hal_tim.o
    0x08002276   0x00000036   Code   RO         2681    i.HAL_TIM_PWM_Init  stm32f4xx_hal_tim.o
    0x080022ac   0x00000002   Code   RO         2683    i.HAL_TIM_PWM_MspInit  stm32f4xx_hal_tim.o
    0x080022ae   0x00000002   Code   RO         2684    i.HAL_TIM_PWM_PulseFinishedCallback  stm32f4xx_hal_tim.o
    0x080022b0   0x00000038   Code   RO         2686    i.HAL_TIM_PWM_Start  stm32f4xx_hal_tim.o
    0x080022e8   0x0000077c   Code   RO           15    i.HAL_TIM_PeriodElapsedCallback  main.o
    0x08002a64   0x00000002   Code   RO         2697    i.HAL_TIM_TriggerCallback  stm32f4xx_hal_tim.o
    0x08002a66   0x00000062   Code   RO         3562    i.HAL_UART_Init     stm32f4xx_hal_uart.o
    0x08002ac8   0x0000009c   Code   RO          368    i.HAL_UART_MspInit  usart.o
    0x08002b64   0x000000be   Code   RO         3565    i.HAL_UART_Receive  stm32f4xx_hal_uart.o
    0x08002c22   0x000000ba   Code   RO         3570    i.HAL_UART_Transmit  stm32f4xx_hal_uart.o
    0x08002cdc   0x00000002   Code   RO          449    i.HardFault_Handler  stm32f4xx_it.o
    0x08002cde   0x0000002e   Code   RO          673    i.I2C_IsAcknowledgeFailed  stm32f4xx_hal_i2c.o
    0x08002d0c   0x000000ec   Code   RO          676    i.I2C_MasterRequestRead  stm32f4xx_hal_i2c.o
    0x08002df8   0x0000009c   Code   RO          677    i.I2C_MasterRequestWrite  stm32f4xx_hal_i2c.o
    0x08002e94   0x0000004c   Code   RO          687    i.I2C_WaitOnBTFFlagUntilTimeout  stm32f4xx_hal_i2c.o
    0x08002ee0   0x00000068   Code   RO          688    i.I2C_WaitOnFlagUntilTimeout  stm32f4xx_hal_i2c.o
    0x08002f48   0x00000096   Code   RO          689    i.I2C_WaitOnMasterAddressFlagUntilTimeout  stm32f4xx_hal_i2c.o
    0x08002fde   0x00000066   Code   RO          690    i.I2C_WaitOnRXNEFlagUntilTimeout  stm32f4xx_hal_i2c.o
    0x08003044   0x0000004c   Code   RO          691    i.I2C_WaitOnTXEFlagUntilTimeout  stm32f4xx_hal_i2c.o
    0x08003090   0x000000c8   Code   RO          554    i.L3GD20_Init       imu.o
    0x08003158   0x00000108   Code   RO          555    i.L3GD20_getdata    imu.o
    0x08003260   0x000000c4   Code   RO          556    i.LMS303DLHC_Init   imu.o
    0x08003324   0x00000148   Code   RO          557    i.LMS303DLHC_getdata  imu.o
    0x0800346c   0x0000008c   Code   RO          204    i.MX_GPIO_Init      gpio.o
    0x080034f8   0x00000040   Code   RO          230    i.MX_I2C1_Init      i2c.o
    0x08003538   0x00000048   Code   RO          272    i.MX_SPI1_Init      spi.o
    0x08003580   0x000000c8   Code   RO          315    i.MX_TIM3_Init      tim.o
    0x08003648   0x00000068   Code   RO          316    i.MX_TIM4_Init      tim.o
    0x080036b0   0x00000038   Code   RO          369    i.MX_USART1_UART_Init  usart.o
    0x080036e8   0x00000038   Code   RO          370    i.MX_USART2_UART_Init  usart.o
    0x08003720   0x00000002   Code   RO          450    i.MemManage_Handler  stm32f4xx_it.o
    0x08003722   0x00000002   Code   RO          451    i.NMI_Handler       stm32f4xx_it.o
    0x08003724   0x00000002   Code   RO          452    i.PendSV_Handler    stm32f4xx_it.o
    0x08003726   0x0000005c   Code   RO         2335    i.SPI_EndRxTransaction  stm32f4xx_hal_spi.o
    0x08003782   0x00000002   PAD
    0x08003784   0x00000058   Code   RO         2336    i.SPI_EndRxTxTransaction  stm32f4xx_hal_spi.o
    0x080037dc   0x00000094   Code   RO         2341    i.SPI_WaitFlagStateUntilTimeout  stm32f4xx_hal_spi.o
    0x08003870   0x00000002   Code   RO          453    i.SVC_Handler       stm32f4xx_it.o
    0x08003872   0x00000004   Code   RO          454    i.SysTick_Handler   stm32f4xx_it.o
    0x08003876   0x00000002   PAD
    0x08003878   0x00000080   Code   RO           16    i.SystemClock_Config  main.o
    0x080038f8   0x0000001c   Code   RO         3864    i.SystemInit        system_stm32f4xx.o
    0x08003914   0x0000000c   Code   RO          455    i.TIM4_IRQHandler   stm32f4xx_it.o
    0x08003920   0x00000098   Code   RO         2699    i.TIM_Base_SetConfig  stm32f4xx_hal_tim.o
    0x080039b8   0x0000001a   Code   RO         2700    i.TIM_CCxChannelCmd  stm32f4xx_hal_tim.o
    0x080039d2   0x00000014   Code   RO         2710    i.TIM_ETR_SetConfig  stm32f4xx_hal_tim.o
    0x080039e6   0x00000010   Code   RO         2711    i.TIM_ITRx_SetConfig  stm32f4xx_hal_tim.o
    0x080039f6   0x00000002   PAD
    0x080039f8   0x00000050   Code   RO         2712    i.TIM_OC1_SetConfig  stm32f4xx_hal_tim.o
    0x08003a48   0x00000058   Code   RO         2713    i.TIM_OC2_SetConfig  stm32f4xx_hal_tim.o
    0x08003aa0   0x00000058   Code   RO         2714    i.TIM_OC3_SetConfig  stm32f4xx_hal_tim.o
    0x08003af8   0x00000044   Code   RO         2715    i.TIM_OC4_SetConfig  stm32f4xx_hal_tim.o
    0x08003b3c   0x00000022   Code   RO         2717    i.TIM_TI1_ConfigInputStage  stm32f4xx_hal_tim.o
    0x08003b5e   0x00000024   Code   RO         2719    i.TIM_TI2_ConfigInputStage  stm32f4xx_hal_tim.o
    0x08003b82   0x00000002   PAD
    0x08003b84   0x00000138   Code   RO          371    i.UART_READ_DATA    usart.o
    0x08003cbc   0x00000128   Code   RO         3588    i.UART_SetConfig    stm32f4xx_hal_uart.o
    0x08003de4   0x00000064   Code   RO         3590    i.UART_WaitOnFlagUntilTimeout  stm32f4xx_hal_uart.o
    0x08003e48   0x00000002   Code   RO          456    i.UsageFault_Handler  stm32f4xx_it.o
    0x08003e4a   0x00000002   PAD
    0x08003e4c   0x00000028   Code   RO         4112    i.__0sprintf$6      mc_w.l(printf6.o)
    0x08003e74   0x00000030   Code   RO         4259    i.__ARM_fpclassify  m_wm.l(fpclassify.o)
    0x08003ea4   0x00000020   Code   RO         1912    i.__NVIC_SetPriority  stm32f4xx_hal_cortex.o
    0x08003ec4   0x00000004   PAD
    0x08003ec8   0x000002d8   Code   RO         3898    i.__hardfp_atan     m_wm.l(atan.o)
    0x080041a0   0x000000c8   Code   RO         3912    i.__hardfp_cos      m_wm.l(cos.o)
    0x08004268   0x000000c8   Code   RO         3924    i.__hardfp_sin      m_wm.l(sin.o)
    0x08004330   0x0000007a   Code   RO         3936    i.__hardfp_sqrt     m_wm.l(sqrt.o)
    0x080043aa   0x00000006   PAD
    0x080043b0   0x00000438   Code   RO         4263    i.__ieee754_rem_pio2  m_wm.l(rred.o)
    0x080047e8   0x00000170   Code   RO         4236    i.__kernel_cos      m_wm.l(cos_i.o)
    0x08004958   0x000000f8   Code   RO         4261    i.__kernel_poly     m_wm.l(poly.o)
    0x08004a50   0x00000130   Code   RO         4268    i.__kernel_sin      m_wm.l(sin_i.o)
    0x08004b80   0x00000014   Code   RO         4240    i.__mathlib_dbl_infnan  m_wm.l(dunder.o)
    0x08004b94   0x00000004   PAD
    0x08004b98   0x00000020   Code   RO         4242    i.__mathlib_dbl_invalid  m_wm.l(dunder.o)
    0x08004bb8   0x00000020   Code   RO         4245    i.__mathlib_dbl_underflow  m_wm.l(dunder.o)
    0x08004bd8   0x0000000e   Code   RO         4325    i.__scatterload_copy  mc_w.l(handlers.o)
    0x08004be6   0x00000002   Code   RO         4326    i.__scatterload_null  mc_w.l(handlers.o)
    0x08004be8   0x0000000e   Code   RO         4327    i.__scatterload_zeroinit  mc_w.l(handlers.o)
    0x08004bf6   0x00000002   PAD
    0x08004bf8   0x0000000c   Code   RO         4301    i.__set_errno       mc_w.l(errno.o)
    0x08004c04   0x000002f0   Code   RO         4117    i._printf_core      mc_w.l(printf6.o)
    0x08004ef4   0x00000024   Code   RO         4118    i._printf_post_padding  mc_w.l(printf6.o)
    0x08004f18   0x0000002e   Code   RO         4119    i._printf_pre_padding  mc_w.l(printf6.o)
    0x08004f46   0x0000000a   Code   RO         4121    i._sputc            mc_w.l(printf6.o)
    0x08004f50   0x00000018   Code   RO         4255    i.fabs              m_wm.l(fabs.o)
    0x08004f68   0x000000e8   Code   RO           17    i.main              main.o
    0x08005050   0x000002f0   Code   RO          559    i.yaw_cal           imu.o
    0x08005340   0x00000010   Data   RO         3865    .constdata          system_stm32f4xx.o
    0x08005350   0x00000008   Data   RO         3866    .constdata          system_stm32f4xx.o
    0x08005358   0x00000098   Data   RO         3901    .constdata          m_wm.l(atan.o)
    0x080053f0   0x00000030   Data   RO         4237    .constdata          m_wm.l(cos_i.o)
    0x08005420   0x000000c8   Data   RO         4265    .constdata          m_wm.l(rred.o)
    0x080054e8   0x00000028   Data   RO         4269    .constdata          m_wm.l(sin_i.o)
    0x08005510   0x00000020   Data   RO         4323    Region$$Table       anon$$obj.o


    Execution Region RW_IRAM1 (Base: 0x20000000, Size: 0x00000950, Max: 0x00020000, ABSOLUTE)

    Base Addr    Size         Type   Attr      Idx    E Section Name        Object

    0x20000000   0x00000078   Data   RW           22    .data               main.o
    0x20000078   0x00000028   Data   RW          374    .data               usart.o
    0x200000a0   0x00000004   Data   RW          378    .data               usart.o
    0x200000a4   0x00000004   Data   RW          379    .data               usart.o
    0x200000a8   0x00000004   Data   RW          380    .data               usart.o
    0x200000ac   0x00000004   Data   RW          381    .data               usart.o
    0x200000b0   0x00000004   Data   RW          382    .data               usart.o
    0x200000b4   0x00000004   Data   RW          383    .data               usart.o
    0x200000b8   0x00000004   Data   RW          384    .data               usart.o
    0x200000bc   0x00000004   Data   RW          385    .data               usart.o
    0x200000c0   0x00000004   Data   RW          386    .data               usart.o
    0x200000c4   0x00000004   Data   RW          387    .data               usart.o
    0x200000c8   0x00000004   Data   RW          388    .data               usart.o
    0x200000cc   0x00000004   Data   RW          389    .data               usart.o
    0x200000d0   0x00000004   Data   RW          390    .data               usart.o
    0x200000d4   0x00000004   Data   RW          391    .data               usart.o
    0x200000d8   0x00000004   Data   RW          392    .data               usart.o
    0x200000dc   0x0000000c   Data   RW         2056    .data               stm32f4xx_hal.o
    0x200000e8   0x00000004   Data   RW         3867    .data               system_stm32f4xx.o
    0x200000ec   0x00000004   Data   RW         4302    .data               mc_w.l(errno.o)
    0x200000f0   0x000002b0   Zero   RW           18    .bss                main.o
    0x200003a0   0x00000054   Zero   RW          231    .bss                i2c.o
    0x200003f4   0x00000058   Zero   RW          273    .bss                spi.o
    0x2000044c   0x00000040   Zero   RW          317    .bss                tim.o
    0x2000048c   0x000000c0   Zero   RW          373    .bss                usart.o
    0x2000054c   0x00000004   PAD
    0x20000550   0x00000400   Zero   RW            1    STACK               startup_stm32f411xe.o


==============================================================================

Image component sizes


      Code (inc. data)   RO Data    RW Data    ZI Data      Debug   Object Name

       140          8          0          0          0       1103   gpio.o
       172         28          0          0         84       1905   i2c.o
      1740        122          0          0          0       5564   imu.o
      2278        324          0        120        688     435919   main.o
       176         22          0          0         88       1909   spi.o
        36          8        408          0       1024        892   startup_stm32f411xe.o
       180         28          0         12          0       9717   stm32f4xx_hal.o
       198         14          0          0          0      34283   stm32f4xx_hal_cortex.o
       414         34          0          0          0       2544   stm32f4xx_hal_gpio.o
      2482         60          0          0          0      14742   stm32f4xx_hal_i2c.o
        48          6          0          0          0        966   stm32f4xx_hal_msp.o
      1328         72          0          0          0       5568   stm32f4xx_hal_rcc.o
      1622          8          0          0          0       8738   stm32f4xx_hal_spi.o
      1638         54          0          0          0      18249   stm32f4xx_hal_tim.o
       128         20          0          0          0       2677   stm32f4xx_hal_tim_ex.o
       870         10          0          0          0       5599   stm32f4xx_hal_uart.o
        32          6          0          0          0       5188   stm32f4xx_it.o
        28          6         24          4          0       1323   system_stm32f4xx.o
       508         48          0          0         64       3495   tim.o
       580         98          0        100        192       4885   usart.o

    ----------------------------------------------------------------------
     14622        976        464        236       2144     565266   Object Totals
         0          0         32          0          0          0   (incl. Generated)
        24          0          0          0          4          0   (incl. Padding)

    ----------------------------------------------------------------------

      Code (inc. data)   RO Data    RW Data    ZI Data      Debug   Library Member Name

       728        106        152          0          0        228   atan.o
       200         20          0          0          0        164   cos.o
       368         46         48          0          0        200   cos_i.o
        84         16          0          0          0        372   dunder.o
        24          0          0          0          0        124   fabs.o
        48          0          0          0          0        124   fpclassify.o
       248          0          0          0          0        152   poly.o
      1080        142        200          0          0        188   rred.o
       200         20          0          0          0        164   sin.o
       304         24         40          0          0        208   sin_i.o
       122          0          0          0          0        148   sqrt.o
         0          0          0          0          0          0   entry.o
         0          0          0          0          0          0   entry10a.o
         0          0          0          0          0          0   entry11a.o
         8          4          0          0          0          0   entry2.o
         4          0          0          0          0          0   entry5.o
         0          0          0          0          0          0   entry7b.o
         0          0          0          0          0          0   entry8b.o
         8          4          0          0          0          0   entry9a.o
        12          6          0          4          0         68   errno.o
        30          0          0          0          0          0   handlers.o
        36          8          0          0          0         68   init.o
         0          0          0          0          0          0   iusefp.o
        30          0          0          0          0         68   llshl.o
        36          0          0          0          0         68   llsshr.o
        32          0          0          0          0         68   llushr.o
        36          0          0          0          0        108   memseta.o
       884         10          0          0          0        420   printf6.o
        44          0          0          0          0         80   uidiv.o
        98          0          0          0          0         92   uldiv.o
        48          0          0          0          0         68   cdcmple.o
        48          0          0          0          0         68   cdrcmple.o
        56          0          0          0          0         88   d2f.o
       334          0          0          0          0        148   dadd.o
       222          0          0          0          0        100   ddiv.o
       186          0          0          0          0        176   depilogue.o
        62          0          0          0          0         80   dfixi.o
        50          0          0          0          0         76   dfixui.o
        34          0          0          0          0         76   dflti.o
        26          0          0          0          0         76   dfltui.o
       228          0          0          0          0         96   dmul.o
       162          0          0          0          0        100   dsqrt.o
        38          0          0          0          0         68   f2d.o
       110          0          0          0          0        168   fepilogue.o

    ----------------------------------------------------------------------
      6282        406        440          4          0       4500   Library Totals
        14          0          0          0          0          0   (incl. Padding)

    ----------------------------------------------------------------------

      Code (inc. data)   RO Data    RW Data    ZI Data      Debug   Library Name

      3406        374        440          0          0       2072   m_wm.l
      1258         32          0          4          0       1040   mc_w.l
      1604          0          0          0          0       1388   mf_w.l

    ----------------------------------------------------------------------
      6282        406        440          4          0       4500   Library Totals

    ----------------------------------------------------------------------

==============================================================================


      Code (inc. data)   RO Data    RW Data    ZI Data      Debug   

     20904       1382        904        240       2144     558022   Grand Totals
     20904       1382        904        240       2144     558022   ELF Image Totals
     20904       1382        904        240          0          0   ROM Totals

==============================================================================

    Total RO  Size (Code + RO Data)                21808 (  21.30kB)
    Total RW  Size (RW Data + ZI Data)              2384 (   2.33kB)
    Total ROM Size (Code + RO Data + RW Data)      22048 (  21.53kB)

==============================================================================

